Archive member included because of file (symbol)

c:/program files (x86)/gnu tools arm embedded/4.9 2014q4/bin/../lib/gcc/arm-none-eabi/4.9.3/armv7-m\libgcc.a(_arm_addsubdf3.o)
                              ..\obj\main.o (__aeabi_ui2d)
c:/program files (x86)/gnu tools arm embedded/4.9 2014q4/bin/../lib/gcc/arm-none-eabi/4.9.3/armv7-m\libgcc.a(_arm_cmpdf2.o)
                              ..\obj\main.o (__aeabi_dcmplt)
c:/program files (x86)/gnu tools arm embedded/4.9 2014q4/bin/../lib/gcc/arm-none-eabi/4.9.3/../../../../arm-none-eabi/lib/armv7-m\libg.a(lib_a-atoi.o)
                              ..\obj\esp8266.o (atoi)
c:/program files (x86)/gnu tools arm embedded/4.9 2014q4/bin/../lib/gcc/arm-none-eabi/4.9.3/../../../../arm-none-eabi/lib/armv7-m\libg.a(lib_a-memmem.o)
                              ..\obj\esp8266.o (memmem)
c:/program files (x86)/gnu tools arm embedded/4.9 2014q4/bin/../lib/gcc/arm-none-eabi/4.9.3/../../../../arm-none-eabi/lib/armv7-m\libg.a(lib_a-memset.o)
                              ..\obj\esp8266.o (memset)
c:/program files (x86)/gnu tools arm embedded/4.9 2014q4/bin/../lib/gcc/arm-none-eabi/4.9.3/../../../../arm-none-eabi/lib/armv7-m\libg.a(lib_a-strchr.o)
                              ..\obj\esp8266.o (strchr)
c:/program files (x86)/gnu tools arm embedded/4.9 2014q4/bin/../lib/gcc/arm-none-eabi/4.9.3/../../../../arm-none-eabi/lib/armv7-m\libg.a(lib_a-strcpy.o)
                              ..\obj\esp8266.o (strcpy)
c:/program files (x86)/gnu tools arm embedded/4.9 2014q4/bin/../lib/gcc/arm-none-eabi/4.9.3/../../../../arm-none-eabi/lib/armv7-m\libg.a(lib_a-strlen.o)
                              ..\obj\WebServer.o (strlen)
c:/program files (x86)/gnu tools arm embedded/4.9 2014q4/bin/../lib/gcc/arm-none-eabi/4.9.3/../../../../arm-none-eabi/lib/armv7-m\libg.a(lib_a-strstr.o)
                              ..\obj\swamp_functions.o (strstr)
c:/program files (x86)/gnu tools arm embedded/4.9 2014q4/bin/../lib/gcc/arm-none-eabi/4.9.3/../../../../arm-none-eabi/lib/armv7-m\libg.a(lib_a-strtok.o)
                              ..\obj\esp8266.o (strtok)
c:/program files (x86)/gnu tools arm embedded/4.9 2014q4/bin/../lib/gcc/arm-none-eabi/4.9.3/../../../../arm-none-eabi/lib/armv7-m\libg.a(lib_a-strtok_r.o)
                              c:/program files (x86)/gnu tools arm embedded/4.9 2014q4/bin/../lib/gcc/arm-none-eabi/4.9.3/../../../../arm-none-eabi/lib/armv7-m\libg.a(lib_a-strtok.o) (__strtok_r)
c:/program files (x86)/gnu tools arm embedded/4.9 2014q4/bin/../lib/gcc/arm-none-eabi/4.9.3/../../../../arm-none-eabi/lib/armv7-m\libg.a(lib_a-strtol.o)
                              c:/program files (x86)/gnu tools arm embedded/4.9 2014q4/bin/../lib/gcc/arm-none-eabi/4.9.3/../../../../arm-none-eabi/lib/armv7-m\libg.a(lib_a-atoi.o) (_strtol_r)
c:/program files (x86)/gnu tools arm embedded/4.9 2014q4/bin/../lib/gcc/arm-none-eabi/4.9.3/../../../../arm-none-eabi/lib/armv7-m\libg.a(lib_a-ctype_.o)
                              c:/program files (x86)/gnu tools arm embedded/4.9 2014q4/bin/../lib/gcc/arm-none-eabi/4.9.3/../../../../arm-none-eabi/lib/armv7-m\libg.a(lib_a-strtol.o) (__ctype_ptr__)
c:/program files (x86)/gnu tools arm embedded/4.9 2014q4/bin/../lib/gcc/arm-none-eabi/4.9.3/../../../../arm-none-eabi/lib/armv7-m\libg.a(lib_a-memchr.o)
                              c:/program files (x86)/gnu tools arm embedded/4.9 2014q4/bin/../lib/gcc/arm-none-eabi/4.9.3/../../../../arm-none-eabi/lib/armv7-m\libg.a(lib_a-memmem.o) (memchr)
c:/program files (x86)/gnu tools arm embedded/4.9 2014q4/bin/../lib/gcc/arm-none-eabi/4.9.3/../../../../arm-none-eabi/lib/armv7-m\libg.a(lib_a-memcmp.o)
                              c:/program files (x86)/gnu tools arm embedded/4.9 2014q4/bin/../lib/gcc/arm-none-eabi/4.9.3/../../../../arm-none-eabi/lib/armv7-m\libg.a(lib_a-memmem.o) (memcmp)

Allocating common symbols
Common symbol       size              file

GPIOB_Config_USART3
                    0x4               ..\obj\USART3_Config.o
fanMode_Current     0x1               ..\obj\main.o
IPD_Processing_buf  0x4               ..\obj\esp8266.o
queryString1        0x4               ..\obj\esp8266.o
pumpMode_Current    0x1               ..\obj\main.o
APMAC               0x4               ..\obj\esp8266.o
microseconds        0x4               ..\obj\semihosting.o
commandToSend       0x46              ..\obj\esp8266.o
fanHigh_Current     0x1               ..\obj\main.o
STAIP               0x4               ..\obj\esp8266.o
ESP_Ready_Buffer_Pntr
                    0x4               ..\obj\esp8266.o
queryValue2         0x4               ..\obj\esp8266.o
DHT22_Pin_GPIO_Config
                    0x4               ..\obj\dht22.o
STAMAC              0x4               ..\obj\esp8266.o
queryValue1         0x4               ..\obj\esp8266.o
customRESTResponse  0x190             ..\obj\main.o
URI                 0x4               ..\obj\esp8266.o
closeConnectionBuffer
                    0xf               ..\obj\esp8266.o
[...]
Memory Configuration

Name             Origin             Length             Attributes
rom              0x08000000         0x00020000         xr
ram              0x20000000         0x00005000         xrw
*default*        0x00000000         0xffffffff

Linker script and memory map

                0x20005000                _eram = 0x20005000

.text           0x08000000     0x458c
 *(.isr_vector)
 .isr_vector    0x08000000      0x10c ..\obj\startup_stm32f10x_md.o
                0x08000000                g_pfnVectors
 *(.text*)
 .text.Init_USART3_DMA
                0x0800010c       0xfc ..\obj\USART3_Config.o
                0x0800010c                Init_USART3_DMA
 .text.DMA_Initialize
                0x08000208       0x8c ..\obj\USART3_Config.o
                0x08000208                DMA_Initialize
 .text.Init_USART3_GPIO
                0x08000294       0x40 ..\obj\USART3_Config.o
                0x08000294                Init_USART3_GPIO
 .text.SystemInit
                0x080002d4       0x68 ..\obj\system_stm32f10x.o
                0x080002d4                SystemInit
 .text.SetSysClock
                0x0800033c        0xc ..\obj\system_stm32f10x.o
 .text.SetSysClockTo72
                0x08000348      0x100 ..\obj\system_stm32f10x.o
 .text.Default_Reset_Handler
                0x08000448       0x5c ..\obj\startup_stm32f10x_md.o
                0x08000448                Default_Reset_Handler
                0x08000448                Reset_Handler
 .text.Default_Handler
                0x080004a4        0x8 ..\obj\startup_stm32f10x_md.o
                0x080004a4                EXTI2_IRQHandler
                0x080004a4                DebugMon_Handler
                0x080004a4                TIM1_CC_IRQHandler
                0x080004a4                PVD_IRQHandler
                0x080004a4                PendSV_Handler
                0x080004a4                NMI_Handler
                0x080004a4                EXTI3_IRQHandler
                0x080004a4                EXTI0_IRQHandler
                0x080004a4                I2C2_EV_IRQHandler
                0x080004a4                UsageFault_Handler
                0x080004a4                ADC1_2_IRQHandler
                0x080004a4                SPI1_IRQHandler
                0x080004a4                TAMPER_IRQHandler
                0x080004a4                DMA1_Channel4_IRQHandler
                0x080004a4                USART3_IRQHandler
                0x080004a4                RTC_IRQHandler
                0x080004a4                DMA1_Channel7_IRQHandler
                0x080004a4                CAN1_RX1_IRQHandler
                0x080004a4                TIM4_IRQHandler
                0x080004a4                I2C1_EV_IRQHandler
                0x080004a4                DMA1_Channel6_IRQHandler
                0x080004a4                TIM3_IRQHandler
                0x080004a4                RCC_IRQHandler
                0x080004a4                TIM1_TRG_COM_IRQHandler
                0x080004a4                DMA1_Channel1_IRQHandler
                0x080004a4                EXTI15_10_IRQHandler
                0x080004a4                SPI2_IRQHandler
                0x080004a4                MemManage_Handler
                0x080004a4                SVC_Handler
                0x080004a4                DMA1_Channel5_IRQHandler
                0x080004a4                EXTI4_IRQHandler
                0x080004a4                USB_LP_CAN1_RX0_IRQHandler
                0x080004a4                USB_HP_CAN1_TX_IRQHandler
                0x080004a4                DMA1_Channel3_IRQHandler
                0x080004a4                TIM1_UP_IRQHandler
                0x080004a4                WWDG_IRQHandler
                0x080004a4                TIM2_IRQHandler
                0x080004a4                TIM1_BRK_IRQHandler
                0x080004a4                EXTI1_IRQHandler
                0x080004a4                RTCAlarm_IRQHandler
                0x080004a4                USART2_IRQHandler
                0x080004a4                I2C2_ER_IRQHandler
                0x080004a4                DMA1_Channel2_IRQHandler
                0x080004a4                CAN1_SCE_IRQHandler
                0x080004a4                FLASH_IRQHandler
                0x080004a4                BusFault_Handler
                0x080004a4                USART1_IRQHandler
                0x080004a4                I2C1_ER_IRQHandler
                0x080004a4                USBWakeUp_IRQHandler
 .text.GPIO_Init
                0x080004ac      0x180 ..\obj\stm32f10x_gpio.o
                0x080004ac                GPIO_Init
 .text.GPIO_ReadInputDataBit
                0x0800062c       0x34 ..\obj\stm32f10x_gpio.o
                0x0800062c                GPIO_ReadInputDataBit
 .text.GPIO_EXTILineConfig
                0x08000660       0x84 ..\obj\stm32f10x_gpio.o
                0x08000660                GPIO_EXTILineConfig
 .text.Configure_HSI_Clock
                0x080006e4       0x54 ..\obj\main.o
                0x080006e4                Configure_HSI_Clock
 .text.main     0x08000738      0x178 ..\obj\main.o
                0x08000738                main
 .text.RefreshCustomRESTResponseSwamp
                0x080008b0       0x50 ..\obj\WebServer.o
                0x080008b0                RefreshCustomRESTResponseSwamp
 .text.SendRESTResponse
                0x08000900      0x134 ..\obj\WebServer.o
                0x08000900                SendRESTResponse
 .text.StartServer
                0x08000a34       0x80 ..\obj\WebServer.o
                0x08000a34                StartServer
 .text.Swamp_relay_GPIO_Init
                0x08000ab4       0x28 ..\obj\swamp_functions.o
                0x08000ab4                Swamp_relay_GPIO_Init
 .text.Swamp_Init
                0x08000adc       0x18 ..\obj\swamp_functions.o
                0x08000adc                Swamp_Init
 .text.Update_State_Variables
                0x08000af4       0x54 ..\obj\swamp_functions.o
                0x08000af4                Update_State_Variables
 .text.PumpControl
                0x08000b48       0x2c ..\obj\swamp_functions.o
                0x08000b48                PumpControl
 .text.FanControl
                0x08000b74       0x38 ..\obj\swamp_functions.o
                0x08000b74                FanControl
 .text.PumpON   0x08000bac       0x24 ..\obj\swamp_functions.o
                0x08000bac                PumpON
 .text.PumpOFF  0x08000bd0       0x24 ..\obj\swamp_functions.o
                0x08000bd0                PumpOFF
 .text.FanOFF   0x08000bf4       0x2c ..\obj\swamp_functions.o
                0x08000bf4                FanOFF
 .text.FanLOW   0x08000c20       0x2c ..\obj\swamp_functions.o
                0x08000c20                FanLOW
 .text.FanHIGH  0x08000c4c       0x2c ..\obj\swamp_functions.o
                0x08000c4c                FanHIGH
 .text.PutChar  0x08000c78       0x20 ..\obj\printf.o
                0x08000c78                PutChar
 .text.PutString
                0x08000c98       0x3c ..\obj\printf.o
                0x08000c98                PutString
 .text.PutUnsignedInt
                0x08000cd4       0xa0 ..\obj\printf.o
                0x08000cd4                PutUnsignedInt
 .text.PutSignedInt
                0x08000d74      0x104 ..\obj\printf.o
                0x08000d74                PutSignedInt
 .text.PutHexa  0x08000e78       0xd8 ..\obj\printf.o
                0x08000e78                PutHexa
 .text.vsnprintf
                0x08000f50      0x25c ..\obj\printf.o
                0x08000f50                vsnprintf
 .text.snprintf
                0x080011ac       0x30 ..\obj\printf.o
                0x080011ac                snprintf
 .text.vsprintf
                0x080011dc       0x24 ..\obj\printf.o
                0x080011dc                vsprintf
 .text.sprintf  0x08001200       0x2c ..\obj\printf.o
                0x08001200                sprintf
 .text.RCC_HSEConfig
                0x0800122c       0x5c ..\obj\stm32f10x_rcc.o
                0x0800122c                RCC_HSEConfig
 .text.RCC_HSICmd
                0x08001288       0x20 ..\obj\stm32f10x_rcc.o
                0x08001288                RCC_HSICmd
 .text.RCC_PLLConfig
                0x080012a8       0x3c ..\obj\stm32f10x_rcc.o
                0x080012a8                RCC_PLLConfig
 .text.RCC_PLLCmd
                0x080012e4       0x20 ..\obj\stm32f10x_rcc.o
                0x080012e4                RCC_PLLCmd
 .text.RCC_SYSCLKConfig
                0x08001304       0x38 ..\obj\stm32f10x_rcc.o
                0x08001304                RCC_SYSCLKConfig
 .text.RCC_HCLKConfig
                0x0800133c       0x38 ..\obj\stm32f10x_rcc.o
                0x0800133c                RCC_HCLKConfig
 .text.RCC_PCLK1Config
                0x08001374       0x38 ..\obj\stm32f10x_rcc.o
                0x08001374                RCC_PCLK1Config
 .text.RCC_PCLK2Config
                0x080013ac       0x38 ..\obj\stm32f10x_rcc.o
                0x080013ac                RCC_PCLK2Config
 .text.RCC_ADCCLKConfig
                0x080013e4       0x38 ..\obj\stm32f10x_rcc.o
                0x080013e4                RCC_ADCCLKConfig
 .text.RCC_GetClocksFreq
                0x0800141c      0x164 ..\obj\stm32f10x_rcc.o
                0x0800141c                RCC_GetClocksFreq
 .text.RCC_AHBPeriphClockCmd
                0x08001580       0x3c ..\obj\stm32f10x_rcc.o
                0x08001580                RCC_AHBPeriphClockCmd
 .text.RCC_APB2PeriphClockCmd
                0x080015bc       0x3c ..\obj\stm32f10x_rcc.o
                0x080015bc                RCC_APB2PeriphClockCmd
 .text.RCC_APB1PeriphClockCmd
                0x080015f8       0x3c ..\obj\stm32f10x_rcc.o
                0x080015f8                RCC_APB1PeriphClockCmd
 .text.RCC_GetFlagStatus
                0x08001634       0x74 ..\obj\stm32f10x_rcc.o
                0x08001634                RCC_GetFlagStatus
 .text.EXTI_Init
                0x080016a8       0xe4 ..\obj\stm32f10x_exti.o
                0x080016a8                EXTI_Init
 .text.EXTI_GetITStatus
                0x0800178c       0x48 ..\obj\stm32f10x_exti.o
                0x0800178c                EXTI_GetITStatus
 .text.EXTI_ClearITPendingBit
                0x080017d4       0x1c ..\obj\stm32f10x_exti.o
                0x080017d4                EXTI_ClearITPendingBit
 .text.USART_Init
                0x080017f0      0x174 ..\obj\stm32f10x_usart.o
                0x080017f0                USART_Init
 .text.USART_Cmd
                0x08001964       0x40 ..\obj\stm32f10x_usart.o
                0x08001964                USART_Cmd
 .text.USART_DMACmd
                0x080019a4       0x48 ..\obj\stm32f10x_usart.o
                0x080019a4                USART_DMACmd
 .text.USART_SendData
                0x080019ec       0x24 ..\obj\stm32f10x_usart.o
                0x080019ec                USART_SendData
 .text.USART_GetFlagStatus
                0x08001a10       0x38 ..\obj\stm32f10x_usart.o
                0x08001a10                USART_GetFlagStatus
 .text.NVIC_SetPriority
                0x08001a48       0x54 ..\obj\time.o
 .text.SysTick_Config
                0x08001a9c       0x44 ..\obj\time.o
 .text.Init_Time
                0x08001ae0       0x3c ..\obj\time.o
                0x08001ae0                Init_Time
 .text.Micros   0x08001b1c       0x44 ..\obj\time.o
                0x08001b1c                Micros
 .text.Millis   0x08001b60       0x18 ..\obj\time.o
                0x08001b60                Millis
 .text.SysTick_Handler
                0x08001b78       0x1c ..\obj\time.o
                0x08001b78                SysTick_Handler
 .text          0x08001b94       0x28 ..\obj\sh_cmd.o
                0x08001b94                SH_DoCommand
                0x08001ba6                HardFault_Handler
 .text.FLASH_SetLatency
                0x08001bbc       0x38 ..\obj\stm32f10x_flash.o
                0x08001bbc                FLASH_SetLatency
 .text.DMA_DeInit
                0x08001bf4      0x178 ..\obj\stm32f10x_dma.o
                0x08001bf4                DMA_DeInit
 .text.DMA_Init
                0x08001d6c       0x7c ..\obj\stm32f10x_dma.o
                0x08001d6c                DMA_Init
 .text.DMA_Cmd  0x08001de8       0x38 ..\obj\stm32f10x_dma.o
                0x08001de8                DMA_Cmd
 .text.DMA_ClearFlag
                0x08001e20       0x34 ..\obj\stm32f10x_dma.o
                0x08001e20                DMA_ClearFlag
 .text.NVIC_SetPriority
                0x08001e54       0x54 ..\obj\dht22.o
 .text.NVIC_EncodePriority
                0x08001ea8       0x68 ..\obj\dht22.o
 .text.DHT22_Init
                0x08001f10       0x18 ..\obj\dht22.o
                0x08001f10                DHT22_Init
 .text.DHT22_Start_Read
                0x08001f28       0xa0 ..\obj\dht22.o
                0x08001f28                DHT22_Start_Read
 .text.DHT22_Config_CLK
                0x08001fc8       0x18 ..\obj\dht22.o
                0x08001fc8                DHT22_Config_CLK
 .text.DHT22_Config_GPIO_INPUT
                0x08001fe0       0x28 ..\obj\dht22.o
                0x08001fe0                DHT22_Config_GPIO_INPUT
 .text.DHT22_Config_GPIO_OUTPUT
                0x08002008       0x28 ..\obj\dht22.o
                0x08002008                DHT22_Config_GPIO_OUTPUT
 .text.DHT22_Config_EXTInterrupt_Enable
                0x08002030       0x2c ..\obj\dht22.o
                0x08002030                DHT22_Config_EXTInterrupt_Enable
 .text.DHT22_Config_NVIC
                0x0800205c       0x38 ..\obj\dht22.o
                0x0800205c                DHT22_Config_NVIC
 .text.EXTI9_5_IRQHandler
                0x08002094       0xa4 ..\obj\dht22.o
                0x08002094                EXTI9_5_IRQHandler
 .text.NVIC_Init
                0x08002138       0xc4 ..\obj\misc.o
                0x08002138                NVIC_Init
 .text.Wifi_Init
                0x080021fc       0x28 ..\obj\esp8266.o
                0x080021fc                Wifi_Init
 .text.Wifi_OFF
                0x08002224       0x18 ..\obj\esp8266.o
                0x08002224                Wifi_OFF
 .text.Wifi_ON  0x0800223c       0x18 ..\obj\esp8266.o
                0x0800223c                Wifi_ON
 .text.ClearArray_Size
                0x08002254       0x20 ..\obj\esp8266.o
                0x08002254                ClearArray_Size
 .text.Wifi_ReadyWaitForAnswer
                0x08002274       0x20 ..\obj\esp8266.o
                0x08002274                Wifi_ReadyWaitForAnswer
 .text.Wifi_WaitForAnswerCMD
                0x08002294       0xdc ..\obj\esp8266.o
                0x08002294                Wifi_WaitForAnswerCMD
 .text.Wifi_WaitForAnswer_SEND_OK
                0x08002370      0x118 ..\obj\esp8266.o
                0x08002370                Wifi_WaitForAnswer_SEND_OK
 .text.Wifi_SendCustomCommand_External_Wait
                0x08002488       0x74 ..\obj\esp8266.o
                0x08002488                Wifi_SendCustomCommand_External_Wait
 .text.Wifi_SendCommand
                0x080024fc       0xb8 ..\obj\esp8266.o
                0x080024fc                Wifi_SendCommand
 .text.ProcessIPD_Data
                0x080025b4       0xac ..\obj\esp8266.o
                0x080025b4                ProcessIPD_Data
 .text.IndexOf  0x08002660       0x50 ..\obj\esp8266.o
                0x08002660                IndexOf
 .text.IsRequestType
                0x080026b0       0x44 ..\obj\esp8266.o
                0x080026b0                IsRequestType
 .text.Wifi_CheckDMABuff_ForReady
                0x080026f4       0x84 ..\obj\esp8266.o
                0x080026f4                Wifi_CheckDMABuff_ForReady
 .text.Wifi_CheckDMABuff_ForCIFSRData
                0x08002778       0xd4 ..\obj\esp8266.o
                0x08002778                Wifi_CheckDMABuff_ForCIFSRData
 .text.Wifi_CheckDMABuff_ForIPDData
                0x0800284c      0x3ac ..\obj\esp8266.o
                0x0800284c                Wifi_CheckDMABuff_ForIPDData
 .text          0x08002bf8      0x370 c:/program files (x86)/gnu tools arm embedded/4.9 2014q4/bin/../lib/gcc/arm-none-eabi/4.9.3/armv7-m\libgcc.a(_arm_addsubdf3.o)
                0x08002bf8                __aeabi_drsub
                0x08002c00                __aeabi_dsub
                0x08002c00                __subdf3
                0x08002c04                __aeabi_dadd
                0x08002c04                __adddf3
                0x08002e7c                __floatunsidf
                0x08002e7c                __aeabi_ui2d
                0x08002e9c                __floatsidf
                0x08002e9c                __aeabi_i2d
                0x08002ec0                __aeabi_f2d
                0x08002ec0                __extendsfdf2
                0x08002efc                __floatundidf
                0x08002efc                __aeabi_ul2d
                0x08002f0c                __floatdidf
                0x08002f0c                __aeabi_l2d
 .text          0x08002f68      0x110 c:/program files (x86)/gnu tools arm embedded/4.9 2014q4/bin/../lib/gcc/arm-none-eabi/4.9.3/armv7-m\libgcc.a(_arm_cmpdf2.o)
                0x08002f68                __gtdf2
                0x08002f68                __gedf2
                0x08002f70                __ltdf2
                0x08002f70                __ledf2
                0x08002f78                __nedf2
                0x08002f78                __eqdf2
                0x08002f78                __cmpdf2
                0x08002ff4                __aeabi_cdrcmple
                0x08003004                __aeabi_cdcmpeq
                0x08003004                __aeabi_cdcmple
                0x08003014                __aeabi_dcmpeq
                0x08003028                __aeabi_dcmplt
                0x0800303c                __aeabi_dcmple
                0x08003050                __aeabi_dcmpge
                0x08003064                __aeabi_dcmpgt
 .text.atoi     0x08003078        0x8 c:/program files (x86)/gnu tools arm embedded/4.9 2014q4/bin/../lib/gcc/arm-none-eabi/4.9.3/../../../../arm-none-eabi/lib/armv7-m\libg.a(lib_a-atoi.o)
                0x08003078                atoi
 .text.critical_factorization
                0x08003080       0xb8 c:/program files (x86)/gnu tools arm embedded/4.9 2014q4/bin/../lib/gcc/arm-none-eabi/4.9.3/../../../../arm-none-eabi/lib/armv7-m\libg.a(lib_a-memmem.o)
 .text.two_way_long_needle
                0x08003138      0x1f4 c:/program files (x86)/gnu tools arm embedded/4.9 2014q4/bin/../lib/gcc/arm-none-eabi/4.9.3/../../../../arm-none-eabi/lib/armv7-m\libg.a(lib_a-memmem.o)
 .text.memmem   0x0800332c      0x1bc c:/program files (x86)/gnu tools arm embedded/4.9 2014q4/bin/../lib/gcc/arm-none-eabi/4.9.3/../../../../arm-none-eabi/lib/armv7-m\libg.a(lib_a-memmem.o)
                0x0800332c                memmem
 .text.memset   0x080034e8       0x9c c:/program files (x86)/gnu tools arm embedded/4.9 2014q4/bin/../lib/gcc/arm-none-eabi/4.9.3/../../../../arm-none-eabi/lib/armv7-m\libg.a(lib_a-memset.o)
                0x080034e8                memset
 .text.strchr   0x08003584       0xcc c:/program files (x86)/gnu tools arm embedded/4.9 2014q4/bin/../lib/gcc/arm-none-eabi/4.9.3/../../../../arm-none-eabi/lib/armv7-m\libg.a(lib_a-strchr.o)
                0x08003584                strchr
 .text.strcpy   0x08003650       0xbc c:/program files (x86)/gnu tools arm embedded/4.9 2014q4/bin/../lib/gcc/arm-none-eabi/4.9.3/../../../../arm-none-eabi/lib/armv7-m\libg.a(lib_a-strcpy.o)
                0x08003650                strcpy
 .text.strlen   0x0800370c       0x5c c:/program files (x86)/gnu tools arm embedded/4.9 2014q4/bin/../lib/gcc/arm-none-eabi/4.9.3/../../../../arm-none-eabi/lib/armv7-m\libg.a(lib_a-strlen.o)
                0x0800370c                strlen
 .text.critical_factorization
                0x08003768       0xb8 c:/program files (x86)/gnu tools arm embedded/4.9 2014q4/bin/../lib/gcc/arm-none-eabi/4.9.3/../../../../arm-none-eabi/lib/armv7-m\libg.a(lib_a-strstr.o)
 .text.two_way_long_needle
                0x08003820      0x1f8 c:/program files (x86)/gnu tools arm embedded/4.9 2014q4/bin/../lib/gcc/arm-none-eabi/4.9.3/../../../../arm-none-eabi/lib/armv7-m\libg.a(lib_a-strstr.o)
 .text.strstr   0x08003a18      0x220 c:/program files (x86)/gnu tools arm embedded/4.9 2014q4/bin/../lib/gcc/arm-none-eabi/4.9.3/../../../../arm-none-eabi/lib/armv7-m\libg.a(lib_a-strstr.o)
                0x08003a18                strstr
 .text.strtok   0x08003c38       0x10 c:/program files (x86)/gnu tools arm embedded/4.9 2014q4/bin/../lib/gcc/arm-none-eabi/4.9.3/../../../../arm-none-eabi/lib/armv7-m\libg.a(lib_a-strtok.o)
                0x08003c38                strtok
 .text.__strtok_r
                0x08003c48       0x64 c:/program files (x86)/gnu tools arm embedded/4.9 2014q4/bin/../lib/gcc/arm-none-eabi/4.9.3/../../../../arm-none-eabi/lib/armv7-m\libg.a(lib_a-strtok_r.o)
                0x08003c48                __strtok_r
 .text._strtol_r
                0x08003cac      0x11c c:/program files (x86)/gnu tools arm embedded/4.9 2014q4/bin/../lib/gcc/arm-none-eabi/4.9.3/../../../../arm-none-eabi/lib/armv7-m\libg.a(lib_a-strtol.o)
                0x08003cac                _strtol_r
 .text.strtol   0x08003dc8       0x18 c:/program files (x86)/gnu tools arm embedded/4.9 2014q4/bin/../lib/gcc/arm-none-eabi/4.9.3/../../../../arm-none-eabi/lib/armv7-m\libg.a(lib_a-strtol.o)
                0x08003dc8                strtol
 .text.memchr   0x08003de0       0x94 c:/program files (x86)/gnu tools arm embedded/4.9 2014q4/bin/../lib/gcc/arm-none-eabi/4.9.3/../../../../arm-none-eabi/lib/armv7-m\libg.a(lib_a-memchr.o)
                0x08003de0                memchr
 .text.memcmp   0x08003e74       0x64 c:/program files (x86)/gnu tools arm embedded/4.9 2014q4/bin/../lib/gcc/arm-none-eabi/4.9.3/../../../../arm-none-eabi/lib/armv7-m\libg.a(lib_a-memcmp.o)
                0x08003e74                memcmp
 *(.init)
 *(.fini)
 *crtbegin.o(.ctors)
 *crtbegin?.o(.ctors)
 *(EXCLUDE_FILE(*crtend.o *crtend?.o) .ctors)
 *(SORT(.ctors.*))
 *(.ctors)
 *crtbegin.o(.dtors)
 *crtbegin?.o(.dtors)
 *(EXCLUDE_FILE(*crtend.o *crtend?.o) .dtors)
 *(SORT(.dtors.*))
 *(.dtors)
 *(.rodata*)
 .rodata        0x08003ed8      0x3c0 ..\obj\WebServer.o
                0x08004130                DimmingInputPage
 .rodata        0x08004298        0xc ..\obj\swamp_functions.o
 .rodata        0x080042a4      0x1e4 ..\obj\esp8266.o
 .rodata._ctype_
                0x08004488      0x104 c:/program files (x86)/gnu tools arm embedded/4.9 2014q4/bin/../lib/gcc/arm-none-eabi/4.9.3/../../../../arm-none-eabi/lib/armv7-m\libg.a(lib_a-ctype_.o)
                0x08004488                _ctype_
 *(.eh_fram e*)

.glue_7         0x0800458c        0x0
 .glue_7        0x00000000        0x0 linker stubs

.glue_7t        0x0800458c        0x0
 .glue_7t       0x00000000        0x0 linker stubs

.vfp11_veneer   0x0800458c        0x0
 .vfp11_veneer  0x00000000        0x0 linker stubs

.v4_bx          0x0800458c        0x0
 .v4_bx         0x00000000        0x0 linker stubs

.iplt           0x0800458c        0x0
 .iplt          0x00000000        0x0 ..\obj\stm32f10x_rtc.o

.rel.dyn        0x0800458c        0x0
 .rel.iplt      0x00000000        0x0 ..\obj\stm32f10x_rtc.o

.ARM.extab
 *(.ARM.extab* .gnu.linkonce.armextab.*)
                0x0800458c                __exidx_start = .

.ARM.exidx
 *(.ARM.exidx* .gnu.linkonce.armexidx.*)
                0x0800458c                __exidx_end = .
                0x0800458c                __etext = .
                0x0800458c                _sidata = __etext

.data           0x20000000      0x508 load address 0x0800458c
                0x20000000                __data_start__ = .
                0x20000000                _sdata = __data_start__
 *(vtable)
 *(.data*)
 .data          0x20000000       0x14 ..\obj\system_stm32f10x.o
                0x20000000                SystemCoreClock
                0x20000004                AHBPrescTable
 .data          0x20000014       0x30 ..\obj\WebServer.o
                0x20000014                HTTP_Method
                0x20000024                RequestHeaders_Array
                0x2000003c                RESTResponse_Headers_Test_OK
                0x20000040                RESTResponse_Body_TEST_JSON
 *fill*         0x20000044        0x4 
 .data          0x20000048      0x430 ..\obj\printf.o
                0x20000048                r
                0x20000470                _impure_ptr
 .data          0x20000478       0x14 ..\obj\stm32f10x_rcc.o
 .data          0x2000048c        0x1 ..\obj\time.o
                0x2000048c                freqMhz
 *fill*         0x2000048d        0x3 
 .data          0x20000490       0x74 ..\obj\esp8266.o
                0x20000490                pumpModeToValidate
                0x20000491                fanModeToValidate
                0x20000494                ATCommandsArray
                0x200004dc                ESP_Responses
 .data.__ctype_ptr__
                0x20000504        0x4 c:/program files (x86)/gnu tools arm embedded/4.9 2014q4/bin/../lib/gcc/arm-none-eabi/4.9.3/../../../../arm-none-eabi/lib/armv7-m\libg.a(lib_a-ctype_.o)
                0x20000504                __ctype_ptr__
                0x20000508                . = ALIGN (0x4)
                0x20000508                PROVIDE (__preinit_array_start, .)
 *(.preinit_array)
                0x20000508                PROVIDE (__preinit_array_end, .)
                0x20000508                . = ALIGN (0x4)
                0x20000508                PROVIDE (__init_array_start, .)
 *(SORT(.init_array.*))
 *(.init_array)
                0x20000508                PROVIDE (__init_array_end, .)
                0x20000508                . = ALIGN (0x4)
                0x20000508                PROVIDE (__fini_array_start, .)
 *(SORT(.fini_array.*))
 *(.fini_array)
                0x20000508                PROVIDE (__fini_array_end, .)
 *(.jcr*)
                0x20000508                . = ALIGN (0x4)
                0x20000508                __data_end__ = .
                0x20000508                _edata = __data_end__

.igot.plt       0x20000508        0x0 load address 0x08004a94
 .igot.plt      0x00000000        0x0 ..\obj\stm32f10x_rtc.o

.bss            0x20000508     0x1130 load address 0x08004a94
                0x20000508                . = ALIGN (0x4)
                0x20000508                __bss_start__ = .
                0x20000508                _sbss = __bss_start__
 *(.bss*)
 .bss           0x20000508       0x14 ..\obj\main.o
                0x20000508                debounceCurrent
                0x2000050c                lastDMABuffPoll
                0x20000510                lastESPResetPoll
                0x20000514                lastDHT22update
                0x20000518                mj
 .bss           0x2000051c       0x10 ..\obj\WebServer.o
                0x2000051c                wi
                0x20000520                headLength
                0x20000522                bodyLength
                0x20000524                bodyLengthLength
                0x20000526                fullLength
                0x20000528                fullCommandLen
 .bss           0x2000052c        0x8 ..\obj\time.o
                0x2000052c                millis
                0x20000530                micros
 .bss           0x20000534       0x18 ..\obj\dht22.o
                0x20000534                upTimeStart
                0x20000538                upTimeEnd
                0x2000053c                downTimeStart
                0x20000540                downTimeEnd
                0x20000544                currentBit
                0x20000548                dhtTimeStamp
 .bss           0x2000054c       0x10 ..\obj\esp8266.o
                0x2000054c                waitingForReponse
                0x2000054d                OKFound
                0x2000054e                ERRORFound
                0x20000550                TxWaitForResponse_TimeStmp
                0x20000554                incommingDimmingValue
                0x20000558                pointerRange
 *(COMMON)
 COMMON         0x2000055c       0x18 ..\obj\USART3_Config.o
                0x2000055c                GPIOB_Config_USART3
                0x20000560                USART3_Config
                0x20000570                USART3_Interrupt_Config
 COMMON         0x20000574      0x5ac ..\obj\main.o
                0x20000574                fanMode_Current
                0x20000575                pumpMode_Current
                0x20000576                fanHigh_Current
                0x20000578                customRESTResponse
                0x20000708                currentIPD
                0x20000724                USART3_RxBuffer
                0x20000b0c                fanLow_Current
                0x20000b0d                humid_Current
                0x20000b0e                temp_Current
                0x20000b10                currentESPStatus
 COMMON         0x20000b20       0xd0 ..\obj\WebServer.o
                0x20000b20                bodyLengthSizeString
                0x20000b24                data
                0x20000bec                responseBuff
 COMMON         0x20000bf0       0xb1 ..\obj\dht22.o
                0x20000bf0                DHT22_Pin_GPIO_Config
                0x20000bf4                DHT22_Bit_Time
                0x20000c9c                DHT22_Buffer
 *fill*         0x20000ca1        0x3 
 COMMON         0x20000ca4      0x12c ..\obj\WebServerConfig.o
                0x20000ca4                webResponse
 COMMON         0x20000dd0      0x868 ..\obj\esp8266.o
                0x20000dd0                IPD_Processing_buf
                0x20000dd4                queryString1
                0x20000dd8                APMAC
                0x20000ddc                commandToSend
                0x20000e24                STAIP
                0x20000e28                ESP_Ready_Buffer_Pntr
                0x20000e2c                queryValue2
                0x20000e30                STAMAC
                0x20000e34                queryValue1
                0x20000e38                URI
                0x20000e3c                closeConnectionBuffer
                0x20000e4c                APIP
                0x20000e50                ConnectNum
                0x20000e54                ESP_IPD_DataBuffer
                0x2000123c                queryString2
                0x20001240                WaitForAnswer_cmd_Buffer
                0x20001244                WaitForAnswer_ans_Buffer
                0x20001248                dimmingString
                0x2000124c                ESP_Ready_Buffer
                0x20001634                ESP_IPD_Data_Buffer_Pntr
                0x20001638                . = ALIGN (0x4)
                0x20001638                __bss_end__ = .
                0x20001638                _ebss = __bss_end__

.heap           0x20001638        0x0
                0x20001638                __end__ = .
                0x20001638                _end = __end__
                0x20001638                end = __end__
 *(.heap*)
                0x20001638                __HeapLimit = .

.co_stack       0x20001638      0x400 load address 0x08005bc4
                0x20001638                . = ALIGN (0x8)
 *(.co_stack .co_stack.*)
 .co_stack      0x20001638      0x400 ..\obj\startup_stm32f10x_md.o
                0x20001638                pulStack
                0x20005000                __StackTop = (ORIGIN (ram) + 0x5000)
                0x20004c00                __StackLimit = (__StackTop - SIZEOF (.co_stack))
                0x20005000                PROVIDE (__stack, __StackTop)
                0x00000001                ASSERT ((__StackLimit >= __HeapLimit), region ram  overflowed with stack)
LOAD ..\obj\stm32f10x_rtc.o
LOAD ..\obj\semihosting.o
LOAD ..\obj\stm32f10x_tim.o
LOAD ..\obj\USART3_Config.o
LOAD ..\obj\system_stm32f10x.o
LOAD ..\obj\startup_stm32f10x_md.o
LOAD ..\obj\stm32f10x_pwr.o
LOAD ..\obj\stm32f10x_gpio.o
LOAD ..\obj\main.o
LOAD ..\obj\WebServer.o
LOAD ..\obj\stm32f10x_crc.o
LOAD ..\obj\swamp_functions.o
LOAD ..\obj\printf.o
LOAD ..\obj\stm32f10x_rcc.o
LOAD ..\obj\stm32f10x_exti.o
LOAD ..\obj\stm32f10x_adc.o
LOAD ..\obj\stm32f10x_usart.o
LOAD ..\obj\time.o
LOAD ..\obj\sh_cmd.o
LOAD ..\obj\json.o
LOAD ..\obj\stm32f10x_flash.o
LOAD ..\obj\stm32f10x_sdio.o
LOAD ..\obj\stm32f10x_dma.o
LOAD ..\obj\dht22.o
LOAD ..\obj\misc.o
LOAD ..\obj\WebServerConfig.o
LOAD ..\obj\esp8266.o
START GROUP
LOAD c:/program files (x86)/gnu tools arm embedded/4.9 2014q4/bin/../lib/gcc/arm-none-eabi/4.9.3/armv7-m\libgcc.a
LOAD c:/program files (x86)/gnu tools arm embedded/4.9 2014q4/bin/../lib/gcc/arm-none-eabi/4.9.3/../../../../arm-none-eabi/lib/armv7-m\libg.a
LOAD c:/program files (x86)/gnu tools arm embedded/4.9 2014q4/bin/../lib/gcc/arm-none-eabi/4.9.3/../../../../arm-none-eabi/lib/armv7-m\libc.a
END GROUP
OUTPUT(SwampCooler Relay Controller.elf elf32-littlearm)

.debug_info     0x00000000     0x7808
 .debug_info    0x00000000      0x70e ..\obj\USART3_Config.o
 .debug_info    0x0000070e      0x479 ..\obj\system_stm32f10x.o
 .debug_info    0x00000b87       0xe9 ..\obj\startup_stm32f10x_md.o
 .debug_info    0x00000c70      0x6e7 ..\obj\stm32f10x_gpio.o
 .debug_info    0x00001357      0x61a ..\obj\main.o
 .debug_info    0x00001971      0x546 ..\obj\WebServer.o
 .debug_info    0x00001eb7      0x3eb ..\obj\swamp_functions.o
 .debug_info    0x000022a2      0xe38 ..\obj\printf.o
 .debug_info    0x000030da      0x88d ..\obj\stm32f10x_rcc.o
 .debug_info    0x00003967      0x341 ..\obj\stm32f10x_exti.o
 .debug_info    0x00003ca8      0x9e8 ..\obj\stm32f10x_usart.o
 .debug_info    0x00004690      0x645 ..\obj\time.o
 .debug_info    0x00004cd5      0x108 ..\obj\sh_cmd.o
 .debug_info    0x00004ddd      0x7b1 ..\obj\stm32f10x_flash.o
 .debug_info    0x0000558e      0x473 ..\obj\stm32f10x_dma.o
 .debug_info    0x00005a01      0x9ab ..\obj\dht22.o
 .debug_info    0x000063ac      0x53d ..\obj\misc.o
 .debug_info    0x000068e9       0x76 ..\obj\WebServerConfig.o
 .debug_info    0x0000695f      0xea9 ..\obj\esp8266.o

.debug_abbrev   0x00000000     0x1b75
 .debug_abbrev  0x00000000      0x13b ..\obj\USART3_Config.o
 .debug_abbrev  0x0000013b      0x14c ..\obj\system_stm32f10x.o
 .debug_abbrev  0x00000287       0xa7 ..\obj\startup_stm32f10x_md.o
 .debug_abbrev  0x0000032e      0x1c8 ..\obj\stm32f10x_gpio.o
 .debug_abbrev  0x000004f6      0x184 ..\obj\main.o
 .debug_abbrev  0x0000067a      0x156 ..\obj\WebServer.o
 .debug_abbrev  0x000007d0      0x188 ..\obj\swamp_functions.o
 .debug_abbrev  0x00000958      0x27e ..\obj\printf.o
 .debug_abbrev  0x00000bd6      0x1ba ..\obj\stm32f10x_rcc.o
 .debug_abbrev  0x00000d90      0x151 ..\obj\stm32f10x_exti.o
 .debug_abbrev  0x00000ee1      0x162 ..\obj\stm32f10x_usart.o
 .debug_abbrev  0x00001043      0x1c0 ..\obj\time.o
 .debug_abbrev  0x00001203       0x14 ..\obj\sh_cmd.o
 .debug_abbrev  0x00001217      0x18b ..\obj\stm32f10x_flash.o
 .debug_abbrev  0x000013a2      0x155 ..\obj\stm32f10x_dma.o
 .debug_abbrev  0x000014f7      0x20b ..\obj\dht22.o
 .debug_abbrev  0x00001702      0x145 ..\obj\misc.o
 .debug_abbrev  0x00001847       0x55 ..\obj\WebServerConfig.o
 .debug_abbrev  0x0000189c      0x2d9 ..\obj\esp8266.o

.debug_aranges  0x00000000      0x8a8
 .debug_aranges
                0x00000000       0x48 ..\obj\USART3_Config.o
 .debug_aranges
                0x00000048       0x38 ..\obj\system_stm32f10x.o
 .debug_aranges
                0x00000080       0x28 ..\obj\startup_stm32f10x_md.o
 .debug_aranges
                0x000000a8       0xa8 ..\obj\stm32f10x_gpio.o
 .debug_aranges
                0x00000150       0x38 ..\obj\main.o
 .debug_aranges
                0x00000188       0x48 ..\obj\WebServer.o
 .debug_aranges
                0x000001d0       0x70 ..\obj\swamp_functions.o
 .debug_aranges
                0x00000240       0xa0 ..\obj\printf.o
 .debug_aranges
                0x000002e0      0x118 ..\obj\stm32f10x_rcc.o
 .debug_aranges
                0x000003f8       0x58 ..\obj\stm32f10x_exti.o
 .debug_aranges
                0x00000450      0x100 ..\obj\stm32f10x_usart.o
 .debug_aranges
                0x00000550       0x48 ..\obj\time.o
 .debug_aranges
                0x00000598       0x20 ..\obj\sh_cmd.o
 .debug_aranges
                0x000005b8       0xf8 ..\obj\stm32f10x_flash.o
 .debug_aranges
                0x000006b0       0x70 ..\obj\stm32f10x_dma.o
 .debug_aranges
                0x00000720       0x70 ..\obj\dht22.o
 .debug_aranges
                0x00000790       0x40 ..\obj\misc.o
 .debug_aranges
                0x000007d0       0x18 ..\obj\WebServerConfig.o
 .debug_aranges
                0x000007e8       0xc0 ..\obj\esp8266.o

.debug_ranges   0x00000000      0x760
 .debug_ranges  0x00000000       0x38 ..\obj\USART3_Config.o
 .debug_ranges  0x00000038       0x28 ..\obj\system_stm32f10x.o
 .debug_ranges  0x00000060       0x18 ..\obj\startup_stm32f10x_md.o
 .debug_ranges  0x00000078       0x98 ..\obj\stm32f10x_gpio.o
 .debug_ranges  0x00000110       0x28 ..\obj\main.o
 .debug_ranges  0x00000138       0x38 ..\obj\WebServer.o
 .debug_ranges  0x00000170       0x60 ..\obj\swamp_functions.o
 .debug_ranges  0x000001d0       0x90 ..\obj\printf.o
 .debug_ranges  0x00000260      0x108 ..\obj\stm32f10x_rcc.o
 .debug_ranges  0x00000368       0x48 ..\obj\stm32f10x_exti.o
 .debug_ranges  0x000003b0       0xf0 ..\obj\stm32f10x_usart.o
 .debug_ranges  0x000004a0       0x38 ..\obj\time.o
 .debug_ranges  0x000004d8       0xe8 ..\obj\stm32f10x_flash.o
 .debug_ranges  0x000005c0       0x60 ..\obj\stm32f10x_dma.o
 .debug_ranges  0x00000620       0x60 ..\obj\dht22.o
 .debug_ranges  0x00000680       0x30 ..\obj\misc.o
 .debug_ranges  0x000006b0       0xb0 ..\obj\esp8266.o

.debug_line     0x00000000     0x44b4
 .debug_line    0x00000000      0x3f0 ..\obj\USART3_Config.o
 .debug_line    0x000003f0      0x271 ..\obj\system_stm32f10x.o
 .debug_line    0x00000661       0xcf ..\obj\startup_stm32f10x_md.o
 .debug_line    0x00000730      0x47b ..\obj\stm32f10x_gpio.o
 .debug_line    0x00000bab      0x48c ..\obj\main.o
 .debug_line    0x00001037      0x315 ..\obj\WebServer.o
 .debug_line    0x0000134c      0x41c ..\obj\swamp_functions.o
 .debug_line    0x00001768      0x3a2 ..\obj\printf.o
 .debug_line    0x00001b0a      0x588 ..\obj\stm32f10x_rcc.o
 .debug_line    0x00002092      0x369 ..\obj\stm32f10x_exti.o
 .debug_line    0x000023fb      0x55e ..\obj\stm32f10x_usart.o
 .debug_line    0x00002959      0x265 ..\obj\time.o
 .debug_line    0x00002bbe       0xac ..\obj\sh_cmd.o
 .debug_line    0x00002c6a      0x596 ..\obj\stm32f10x_flash.o
 .debug_line    0x00003200      0x3c8 ..\obj\stm32f10x_dma.o
 .debug_line    0x000035c8      0x460 ..\obj\dht22.o
 .debug_line    0x00003a28      0x309 ..\obj\misc.o
 .debug_line    0x00003d31       0x8b ..\obj\WebServerConfig.o
 .debug_line    0x00003dbc      0x6f8 ..\obj\esp8266.o

.debug_str      0x00000000     0x356e
 .debug_str     0x00000000      0x893 ..\obj\USART3_Config.o
                                0x8f3 (size before relaxing)
 .debug_str     0x00000893      0x19f ..\obj\system_stm32f10x.o
                                0x324 (size before relaxing)
 .debug_str     0x00000a32       0xdd ..\obj\startup_stm32f10x_md.o
                                0x174 (size before relaxing)
 .debug_str     0x00000b0f      0x2a8 ..\obj\stm32f10x_gpio.o
                                0x55a (size before relaxing)
 .debug_str     0x00000db7      0x520 ..\obj\main.o
                                0x7dc (size before relaxing)
 .debug_str     0x000012d7      0x296 ..\obj\WebServer.o
                                0x6dd (size before relaxing)
 .debug_str     0x0000156d      0x139 ..\obj\swamp_functions.o
                                0x4b3 (size before relaxing)
 .debug_str     0x000016a6      0x4f2 ..\obj\printf.o
                                0x6ca (size before relaxing)
 .debug_str     0x00001b98      0x41b ..\obj\stm32f10x_rcc.o
                                0x65b (size before relaxing)
 .debug_str     0x00001fb3      0x20b ..\obj\stm32f10x_exti.o
                                0x38a (size before relaxing)
 .debug_str     0x000021be      0x3e2 ..\obj\stm32f10x_usart.o
                                0x6d1 (size before relaxing)
 .debug_str     0x000025a0      0x13c ..\obj\time.o
                                0x600 (size before relaxing)
 .debug_str     0x000026dc      0x440 ..\obj\stm32f10x_flash.o
                                0x629 (size before relaxing)
 .debug_str     0x00002b1c      0x178 ..\obj\stm32f10x_dma.o
                                0x3f8 (size before relaxing)
 .debug_str     0x00002c94      0x221 ..\obj\dht22.o
                                0x9d6 (size before relaxing)
 .debug_str     0x00002eb5      0x144 ..\obj\misc.o
                                0x3ff (size before relaxing)
 .debug_str     0x00002ff9       0x6b ..\obj\WebServerConfig.o
                                0x113 (size before relaxing)
 .debug_str     0x00003064      0x50a ..\obj\esp8266.o
                                0xcc9 (size before relaxing)

.comment        0x00000000       0x70
 .comment       0x00000000       0x70 ..\obj\USART3_Config.o
                                 0x71 (size before relaxing)
 .comment       0x00000000       0x71 ..\obj\system_stm32f10x.o
 .comment       0x00000000       0x71 ..\obj\startup_stm32f10x_md.o
 .comment       0x00000000       0x71 ..\obj\stm32f10x_gpio.o
 .comment       0x00000000       0x71 ..\obj\main.o
 .comment       0x00000000       0x71 ..\obj\WebServer.o
 .comment       0x00000000       0x71 ..\obj\swamp_functions.o
 .comment       0x00000000       0x71 ..\obj\printf.o
 .comment       0x00000000       0x71 ..\obj\stm32f10x_rcc.o
 .comment       0x00000000       0x71 ..\obj\stm32f10x_exti.o
 .comment       0x00000000       0x71 ..\obj\stm32f10x_usart.o
 .comment       0x00000000       0x71 ..\obj\time.o
 .comment       0x00000000       0x71 ..\obj\stm32f10x_flash.o
 .comment       0x00000000       0x71 ..\obj\stm32f10x_dma.o
 .comment       0x00000000       0x71 ..\obj\dht22.o
 .comment       0x00000000       0x71 ..\obj\misc.o
 .comment       0x00000000       0x71 ..\obj\WebServerConfig.o
 .comment       0x00000000       0x71 ..\obj\esp8266.o

.ARM.attributes
                0x00000000       0x31
 .ARM.attributes
                0x00000000       0x33 ..\obj\USART3_Config.o
 .ARM.attributes
                0x00000033       0x33 ..\obj\system_stm32f10x.o
 .ARM.attributes
                0x00000066       0x33 ..\obj\startup_stm32f10x_md.o
 .ARM.attributes
                0x00000099       0x33 ..\obj\stm32f10x_gpio.o
 .ARM.attributes
                0x000000cc       0x33 ..\obj\main.o
 .ARM.attributes
                0x000000ff       0x33 ..\obj\WebServer.o
 .ARM.attributes
                0x00000132       0x33 ..\obj\swamp_functions.o
 .ARM.attributes
                0x00000165       0x33 ..\obj\printf.o
 .ARM.attributes
                0x00000198       0x33 ..\obj\stm32f10x_rcc.o
 .ARM.attributes
                0x000001cb       0x33 ..\obj\stm32f10x_exti.o
 .ARM.attributes
                0x000001fe       0x33 ..\obj\stm32f10x_usart.o
 .ARM.attributes
                0x00000231       0x33 ..\obj\time.o
 .ARM.attributes
                0x00000264       0x21 ..\obj\sh_cmd.o
 .ARM.attributes
                0x00000285       0x33 ..\obj\stm32f10x_flash.o
 .ARM.attributes
                0x000002b8       0x33 ..\obj\stm32f10x_dma.o
 .ARM.attributes
                0x000002eb       0x33 ..\obj\dht22.o
 .ARM.attributes
                0x0000031e       0x33 ..\obj\misc.o
 .ARM.attributes
                0x00000351       0x33 ..\obj\WebServerConfig.o
 .ARM.attributes
                0x00000384       0x33 ..\obj\esp8266.o
 .ARM.attributes
                0x000003b7       0x1d c:/program files (x86)/gnu tools arm embedded/4.9 2014q4/bin/../lib/gcc/arm-none-eabi/4.9.3/armv7-m\libgcc.a(_arm_addsubdf3.o)
 .ARM.attributes
                0x000003d4       0x1d c:/program files (x86)/gnu tools arm embedded/4.9 2014q4/bin/../lib/gcc/arm-none-eabi/4.9.3/armv7-m\libgcc.a(_arm_cmpdf2.o)
 .ARM.attributes
                0x000003f1       0x2d c:/program files (x86)/gnu tools arm embedded/4.9 2014q4/bin/../lib/gcc/arm-none-eabi/4.9.3/../../../../arm-none-eabi/lib/armv7-m\libg.a(lib_a-atoi.o)
 .ARM.attributes
                0x0000041e       0x2d c:/program files (x86)/gnu tools arm embedded/4.9 2014q4/bin/../lib/gcc/arm-none-eabi/4.9.3/../../../../arm-none-eabi/lib/armv7-m\libg.a(lib_a-memmem.o)
 .ARM.attributes
                0x0000044b       0x2d c:/program files (x86)/gnu tools arm embedded/4.9 2014q4/bin/../lib/gcc/arm-none-eabi/4.9.3/../../../../arm-none-eabi/lib/armv7-m\libg.a(lib_a-memset.o)
 .ARM.attributes
                0x00000478       0x2d c:/program files (x86)/gnu tools arm embedded/4.9 2014q4/bin/../lib/gcc/arm-none-eabi/4.9.3/../../../../arm-none-eabi/lib/armv7-m\libg.a(lib_a-strchr.o)
 .ARM.attributes
                0x000004a5       0x2d c:/program files (x86)/gnu tools arm embedded/4.9 2014q4/bin/../lib/gcc/arm-none-eabi/4.9.3/../../../../arm-none-eabi/lib/armv7-m\libg.a(lib_a-strcpy.o)
 .ARM.attributes
                0x000004d2       0x2d c:/program files (x86)/gnu tools arm embedded/4.9 2014q4/bin/../lib/gcc/arm-none-eabi/4.9.3/../../../../arm-none-eabi/lib/armv7-m\libg.a(lib_a-strlen.o)
 .ARM.attributes
                0x000004ff       0x2d c:/program files (x86)/gnu tools arm embedded/4.9 2014q4/bin/../lib/gcc/arm-none-eabi/4.9.3/../../../../arm-none-eabi/lib/armv7-m\libg.a(lib_a-strstr.o)
 .ARM.attributes
                0x0000052c       0x2d c:/program files (x86)/gnu tools arm embedded/4.9 2014q4/bin/../lib/gcc/arm-none-eabi/4.9.3/../../../../arm-none-eabi/lib/armv7-m\libg.a(lib_a-strtok.o)
 .ARM.attributes
                0x00000559       0x2d c:/program files (x86)/gnu tools arm embedded/4.9 2014q4/bin/../lib/gcc/arm-none-eabi/4.9.3/../../../../arm-none-eabi/lib/armv7-m\libg.a(lib_a-strtok_r.o)
 .ARM.attributes
                0x00000586       0x2d c:/program files (x86)/gnu tools arm embedded/4.9 2014q4/bin/../lib/gcc/arm-none-eabi/4.9.3/../../../../arm-none-eabi/lib/armv7-m\libg.a(lib_a-strtol.o)
 .ARM.attributes
                0x000005b3       0x2d c:/program files (x86)/gnu tools arm embedded/4.9 2014q4/bin/../lib/gcc/arm-none-eabi/4.9.3/../../../../arm-none-eabi/lib/armv7-m\libg.a(lib_a-ctype_.o)
 .ARM.attributes
                0x000005e0       0x2d c:/program files (x86)/gnu tools arm embedded/4.9 2014q4/bin/../lib/gcc/arm-none-eabi/4.9.3/../../../../arm-none-eabi/lib/armv7-m\libg.a(lib_a-memchr.o)
 .ARM.attributes
                0x0000060d       0x2d c:/program files (x86)/gnu tools arm embedded/4.9 2014q4/bin/../lib/gcc/arm-none-eabi/4.9.3/../../../../arm-none-eabi/lib/armv7-m\libg.a(lib_a-memcmp.o)

.debug_frame    0x00000000     0x24ec
 .debug_frame   0x00000000       0xd0 ..\obj\USART3_Config.o
 .debug_frame   0x000000d0       0x98 ..\obj\system_stm32f10x.o
 .debug_frame   0x00000168       0x4c ..\obj\startup_stm32f10x_md.o
 .debug_frame   0x000001b4      0x2d0 ..\obj\stm32f10x_gpio.o
 .debug_frame   0x00000484       0x98 ..\obj\main.o
 .debug_frame   0x0000051c       0xf0 ..\obj\WebServer.o
 .debug_frame   0x0000060c      0x178 ..\obj\swamp_functions.o
 .debug_frame   0x00000784      0x2e0 ..\obj\printf.o
 .debug_frame   0x00000a64      0x4f4 ..\obj\stm32f10x_rcc.o
 .debug_frame   0x00000f58      0x148 ..\obj\stm32f10x_exti.o
 .debug_frame   0x000010a0      0x490 ..\obj\stm32f10x_usart.o
 .debug_frame   0x00001530       0xe0 ..\obj\time.o
 .debug_frame   0x00001610      0x410 ..\obj\stm32f10x_flash.o
 .debug_frame   0x00001a20      0x1c8 ..\obj\stm32f10x_dma.o
 .debug_frame   0x00001be8      0x174 ..\obj\dht22.o
 .debug_frame   0x00001d5c       0xd8 ..\obj\misc.o
 .debug_frame   0x00001e34      0x314 ..\obj\esp8266.o
 .debug_frame   0x00002148       0x30 c:/program files (x86)/gnu tools arm embedded/4.9 2014q4/bin/../lib/gcc/arm-none-eabi/4.9.3/../../../../arm-none-eabi/lib/armv7-m\libg.a(lib_a-atoi.o)
 .debug_frame   0x00002178       0xac c:/program files (x86)/gnu tools arm embedded/4.9 2014q4/bin/../lib/gcc/arm-none-eabi/4.9.3/../../../../arm-none-eabi/lib/armv7-m\libg.a(lib_a-memmem.o)
 .debug_frame   0x00002224       0x34 c:/program files (x86)/gnu tools arm embedded/4.9 2014q4/bin/../lib/gcc/arm-none-eabi/4.9.3/../../../../arm-none-eabi/lib/armv7-m\libg.a(lib_a-memset.o)
 .debug_frame   0x00002258       0x4c c:/program files (x86)/gnu tools arm embedded/4.9 2014q4/bin/../lib/gcc/arm-none-eabi/4.9.3/../../../../arm-none-eabi/lib/armv7-m\libg.a(lib_a-strchr.o)
 .debug_frame   0x000022a4       0x20 c:/program files (x86)/gnu tools arm embedded/4.9 2014q4/bin/../lib/gcc/arm-none-eabi/4.9.3/../../../../arm-none-eabi/lib/armv7-m\libg.a(lib_a-strcpy.o)
 .debug_frame   0x000022c4       0x20 c:/program files (x86)/gnu tools arm embedded/4.9 2014q4/bin/../lib/gcc/arm-none-eabi/4.9.3/../../../../arm-none-eabi/lib/armv7-m\libg.a(lib_a-strlen.o)
 .debug_frame   0x000022e4       0xd8 c:/program files (x86)/gnu tools arm embedded/4.9 2014q4/bin/../lib/gcc/arm-none-eabi/4.9.3/../../../../arm-none-eabi/lib/armv7-m\libg.a(lib_a-strstr.o)
 .debug_frame   0x000023bc       0x20 c:/program files (x86)/gnu tools arm embedded/4.9 2014q4/bin/../lib/gcc/arm-none-eabi/4.9.3/../../../../arm-none-eabi/lib/armv7-m\libg.a(lib_a-strtok.o)
 .debug_frame   0x000023dc       0x48 c:/program files (x86)/gnu tools arm embedded/4.9 2014q4/bin/../lib/gcc/arm-none-eabi/4.9.3/../../../../arm-none-eabi/lib/armv7-m\libg.a(lib_a-strtok_r.o)
 .debug_frame   0x00002424       0x54 c:/program files (x86)/gnu tools arm embedded/4.9 2014q4/bin/../lib/gcc/arm-none-eabi/4.9.3/../../../../arm-none-eabi/lib/armv7-m\libg.a(lib_a-strtol.o)
 .debug_frame   0x00002478       0x3c c:/program files (x86)/gnu tools arm embedded/4.9 2014q4/bin/../lib/gcc/arm-none-eabi/4.9.3/../../../../arm-none-eabi/lib/armv7-m\libg.a(lib_a-memchr.o)
 .debug_frame   0x000024b4       0x38 c:/program files (x86)/gnu tools arm embedded/4.9 2014q4/bin/../lib/gcc/arm-none-eabi/4.9.3/../../../../arm-none-eabi/lib/armv7-m\libg.a(lib_a-memcmp.o)
