Archive member included because of file (symbol)

c:/program files (x86)/gnu tools arm embedded/4.9 2015q1/bin/../lib/gcc/arm-none-eabi/4.9.3/../../../../arm-none-eabi/lib/armv7-m\libg.a(lib_a-atoi.o)
                              ..\obj\esp8266.o (atoi)
c:/program files (x86)/gnu tools arm embedded/4.9 2015q1/bin/../lib/gcc/arm-none-eabi/4.9.3/../../../../arm-none-eabi/lib/armv7-m\libg.a(lib_a-memmem.o)
                              ..\obj\esp8266.o (memmem)
c:/program files (x86)/gnu tools arm embedded/4.9 2015q1/bin/../lib/gcc/arm-none-eabi/4.9.3/../../../../arm-none-eabi/lib/armv7-m\libg.a(lib_a-memset.o)
                              ..\obj\esp8266.o (memset)
c:/program files (x86)/gnu tools arm embedded/4.9 2015q1/bin/../lib/gcc/arm-none-eabi/4.9.3/../../../../arm-none-eabi/lib/armv7-m\libg.a(lib_a-strchr.o)
                              ..\obj\esp8266.o (strchr)
c:/program files (x86)/gnu tools arm embedded/4.9 2015q1/bin/../lib/gcc/arm-none-eabi/4.9.3/../../../../arm-none-eabi/lib/armv7-m\libg.a(lib_a-strcpy.o)
                              ..\obj\esp8266.o (strcpy)
c:/program files (x86)/gnu tools arm embedded/4.9 2015q1/bin/../lib/gcc/arm-none-eabi/4.9.3/../../../../arm-none-eabi/lib/armv7-m\libg.a(lib_a-strlen.o)
                              ..\obj\WebServer.o (strlen)
c:/program files (x86)/gnu tools arm embedded/4.9 2015q1/bin/../lib/gcc/arm-none-eabi/4.9.3/../../../../arm-none-eabi/lib/armv7-m\libg.a(lib_a-strstr.o)
                              ..\obj\swamp_functions.o (strstr)
c:/program files (x86)/gnu tools arm embedded/4.9 2015q1/bin/../lib/gcc/arm-none-eabi/4.9.3/../../../../arm-none-eabi/lib/armv7-m\libg.a(lib_a-strtok.o)
                              ..\obj\esp8266.o (strtok)
c:/program files (x86)/gnu tools arm embedded/4.9 2015q1/bin/../lib/gcc/arm-none-eabi/4.9.3/../../../../arm-none-eabi/lib/armv7-m\libg.a(lib_a-strtok_r.o)
                              c:/program files (x86)/gnu tools arm embedded/4.9 2015q1/bin/../lib/gcc/arm-none-eabi/4.9.3/../../../../arm-none-eabi/lib/armv7-m\libg.a(lib_a-strtok.o) (__strtok_r)
c:/program files (x86)/gnu tools arm embedded/4.9 2015q1/bin/../lib/gcc/arm-none-eabi/4.9.3/../../../../arm-none-eabi/lib/armv7-m\libg.a(lib_a-strtol.o)
                              c:/program files (x86)/gnu tools arm embedded/4.9 2015q1/bin/../lib/gcc/arm-none-eabi/4.9.3/../../../../arm-none-eabi/lib/armv7-m\libg.a(lib_a-atoi.o) (_strtol_r)
c:/program files (x86)/gnu tools arm embedded/4.9 2015q1/bin/../lib/gcc/arm-none-eabi/4.9.3/../../../../arm-none-eabi/lib/armv7-m\libg.a(lib_a-ctype_.o)
                              c:/program files (x86)/gnu tools arm embedded/4.9 2015q1/bin/../lib/gcc/arm-none-eabi/4.9.3/../../../../arm-none-eabi/lib/armv7-m\libg.a(lib_a-strtol.o) (__ctype_ptr__)
c:/program files (x86)/gnu tools arm embedded/4.9 2015q1/bin/../lib/gcc/arm-none-eabi/4.9.3/../../../../arm-none-eabi/lib/armv7-m\libg.a(lib_a-memchr.o)
                              c:/program files (x86)/gnu tools arm embedded/4.9 2015q1/bin/../lib/gcc/arm-none-eabi/4.9.3/../../../../arm-none-eabi/lib/armv7-m\libg.a(lib_a-memmem.o) (memchr)
c:/program files (x86)/gnu tools arm embedded/4.9 2015q1/bin/../lib/gcc/arm-none-eabi/4.9.3/../../../../arm-none-eabi/lib/armv7-m\libg.a(lib_a-memcmp.o)
                              c:/program files (x86)/gnu tools arm embedded/4.9 2015q1/bin/../lib/gcc/arm-none-eabi/4.9.3/../../../../arm-none-eabi/lib/armv7-m\libg.a(lib_a-memmem.o) (memcmp)

Allocating common symbols
Common symbol       size              file

GPIOB_Config_USART3
                    0x4               ..\obj\USART3_Config.o
fanMode_Current     0x1               ..\obj\main.o
IPD_Processing_buf  0x4               ..\obj\esp8266.o
queryString1        0x4               ..\obj\esp8266.o
pumpMode_Current    0x1               ..\obj\main.o
APMAC               0x4               ..\obj\esp8266.o
microseconds        0x4               ..\obj\semihosting.o
commandToSend       0x46              ..\obj\esp8266.o
fanHigh_Current     0x1               ..\obj\main.o
STAIP               0x4               ..\obj\esp8266.o
ESP_Ready_Buffer_Pntr
                    0x4               ..\obj\esp8266.o
queryValue2         0x4               ..\obj\esp8266.o
STAMAC              0x4               ..\obj\esp8266.o
queryValue1         0x4               ..\obj\esp8266.o
customRESTResponse  0x190             ..\obj\main.o
URI                 0x4               ..\obj\esp8266.o
closeConnectionBuffer
                    0xf               ..\obj\esp8266.o
currentIPD          0x1c              ..\obj\main.o
APIP                0x4               ..\obj\esp8266.o
USART3_RxBuffer     0x3e8             ..\obj\main.o
webResponse         0x12c             ..\obj\WebServerConfig.o
USART3_Config       0x10              ..\obj\USART3_Config.o
bodyLengthSizeString
                    0x4               ..\obj\WebServer.o
ConnectNum          0x4               ..\obj\esp8266.o
ESP_IPD_DataBuffer  0x3e8             ..\obj\esp8266.o
data                0xc8              ..\obj\WebServer.o
fanLow_Current      0x1               ..\obj\main.o
queryString2        0x4               ..\obj\esp8266.o
WaitForAnswer_cmd_Buffer
                    0x4               ..\obj\esp8266.o
USART3_Interrupt_Config
                    0x4               ..\obj\USART3_Config.o
responseBuff        0x4               ..\obj\WebServer.o
WaitForAnswer_ans_Buffer
                    0x4               ..\obj\esp8266.o
humid_Current       0x1               ..\obj\main.o
temp_Current        0x1               ..\obj\main.o
dimmingString       0x4               ..\obj\esp8266.o
ESP_Ready_Buffer    0x3e8             ..\obj\esp8266.o
ESP_IPD_Data_Buffer_Pntr
                    0x4               ..\obj\esp8266.o

Discarded input sections

 .text          0x00000000        0x0 ..\obj\stm32f10x_rtc.o
 .data          0x00000000        0x0 ..\obj\stm32f10x_rtc.o
 .bss           0x00000000        0x0 ..\obj\stm32f10x_rtc.o
 .text.RTC_ITConfig
                0x00000000       0x4c ..\obj\stm32f10x_rtc.o
 .text.RTC_EnterConfigMode
                0x00000000       0x20 ..\obj\stm32f10x_rtc.o
 .text.RTC_ExitConfigMode
                0x00000000       0x20 ..\obj\stm32f10x_rtc.o
 .text.RTC_GetCounter
                0x00000000       0x2c ..\obj\stm32f10x_rtc.o
 .text.RTC_SetCounter
                0x00000000       0x2c ..\obj\stm32f10x_rtc.o
 .text.RTC_SetPrescaler
                0x00000000       0x30 ..\obj\stm32f10x_rtc.o
 .text.RTC_SetAlarm
                0x00000000       0x2c ..\obj\stm32f10x_rtc.o
 .text.RTC_GetDivider
                0x00000000       0x38 ..\obj\stm32f10x_rtc.o
 .text.RTC_WaitForLastTask
                0x00000000       0x20 ..\obj\stm32f10x_rtc.o
 .text.RTC_WaitForSynchro
                0x00000000       0x30 ..\obj\stm32f10x_rtc.o
 .text.RTC_GetFlagStatus
                0x00000000       0x3c ..\obj\stm32f10x_rtc.o
 .text.RTC_ClearFlag
                0x00000000       0x2c ..\obj\stm32f10x_rtc.o
 .text.RTC_GetITStatus
                0x00000000       0x50 ..\obj\stm32f10x_rtc.o
 .text.RTC_ClearITPendingBit
                0x00000000       0x2c ..\obj\stm32f10x_rtc.o
 .debug_info    0x00000000      0x434 ..\obj\stm32f10x_rtc.o
 .debug_abbrev  0x00000000      0x18d ..\obj\stm32f10x_rtc.o
 .debug_aranges
                0x00000000       0x88 ..\obj\stm32f10x_rtc.o
 .debug_ranges  0x00000000       0x78 ..\obj\stm32f10x_rtc.o
 .debug_line    0x00000000      0x373 ..\obj\stm32f10x_rtc.o
 .debug_str     0x00000000      0x3f1 ..\obj\stm32f10x_rtc.o
 .comment       0x00000000       0x71 ..\obj\stm32f10x_rtc.o
 .debug_frame   0x00000000      0x214 ..\obj\stm32f10x_rtc.o
 .ARM.attributes
                0x00000000       0x33 ..\obj\stm32f10x_rtc.o
 .text          0x00000000        0x0 ..\obj\semihosting.o
 .data          0x00000000        0x0 ..\obj\semihosting.o
 .bss           0x00000000       0x14 ..\obj\semihosting.o
 .text.SH_SendChar
                0x00000000       0x68 ..\obj\semihosting.o
 .text.SH_SendString
                0x00000000       0x24 ..\obj\semihosting.o
 .text.SH_GetChar
                0x00000000       0x40 ..\obj\semihosting.o
 .debug_info    0x00000000      0x168 ..\obj\semihosting.o
 .debug_abbrev  0x00000000       0xe1 ..\obj\semihosting.o
 .debug_aranges
                0x00000000       0x30 ..\obj\semihosting.o
 .debug_ranges  0x00000000       0x20 ..\obj\semihosting.o
 .debug_line    0x00000000      0x221 ..\obj\semihosting.o
 .debug_str     0x00000000      0x1e7 ..\obj\semihosting.o
 .comment       0x00000000       0x71 ..\obj\semihosting.o
 .debug_frame   0x00000000       0x7c ..\obj\semihosting.o
 .ARM.attributes
                0x00000000       0x33 ..\obj\semihosting.o
 COMMON         0x00000000        0x4 ..\obj\semihosting.o
 .text          0x00000000        0x0 ..\obj\stm32f10x_tim.o
 .data          0x00000000        0x0 ..\obj\stm32f10x_tim.o
 .bss           0x00000000        0x0 ..\obj\stm32f10x_tim.o
 .text.TIM_DeInit
                0x00000000      0x22c ..\obj\stm32f10x_tim.o
 .text.TIM_TimeBaseInit
                0x00000000       0xf8 ..\obj\stm32f10x_tim.o
 .text.TIM_OC1Init
                0x00000000      0x118 ..\obj\stm32f10x_tim.o
 .text.TIM_OC2Init
                0x00000000      0x110 ..\obj\stm32f10x_tim.o
 .text.TIM_OC3Init
                0x00000000      0x10c ..\obj\stm32f10x_tim.o
 .text.TIM_OC4Init
                0x00000000       0xd0 ..\obj\stm32f10x_tim.o
 .text.TIM_ICInit
                0x00000000       0xa8 ..\obj\stm32f10x_tim.o
 .text.TIM_PWMIConfig
                0x00000000       0xb8 ..\obj\stm32f10x_tim.o
 .text.TIM_BDTRConfig
                0x00000000       0x50 ..\obj\stm32f10x_tim.o
 .text.TIM_TimeBaseStructInit
                0x00000000       0x34 ..\obj\stm32f10x_tim.o
 .text.TIM_OCStructInit
                0x00000000       0x44 ..\obj\stm32f10x_tim.o
 .text.TIM_ICStructInit
                0x00000000       0x30 ..\obj\stm32f10x_tim.o
 .text.TIM_BDTRStructInit
                0x00000000       0x3c ..\obj\stm32f10x_tim.o
 .text.TIM_Cmd  0x00000000       0x40 ..\obj\stm32f10x_tim.o
 .text.TIM_CtrlPWMOutputs
                0x00000000       0x4c ..\obj\stm32f10x_tim.o
 .text.TIM_ITConfig
                0x00000000       0x48 ..\obj\stm32f10x_tim.o
 .text.TIM_GenerateEvent
                0x00000000       0x1c ..\obj\stm32f10x_tim.o
 .text.TIM_DMAConfig
                0x00000000       0x28 ..\obj\stm32f10x_tim.o
 .text.TIM_DMACmd
                0x00000000       0x48 ..\obj\stm32f10x_tim.o
 .text.TIM_InternalClockConfig
                0x00000000       0x24 ..\obj\stm32f10x_tim.o
 .text.TIM_ITRxExternalClockConfig
                0x00000000       0x2c ..\obj\stm32f10x_tim.o
 .text.TIM_TIxExternalClockConfig
                0x00000000       0x60 ..\obj\stm32f10x_tim.o
 .text.TIM_ETRClockMode1Config
                0x00000000       0x5c ..\obj\stm32f10x_tim.o
 .text.TIM_ETRClockMode2Config
                0x00000000       0x3c ..\obj\stm32f10x_tim.o
 .text.TIM_ETRConfig
                0x00000000       0x54 ..\obj\stm32f10x_tim.o
 .text.TIM_PrescalerConfig
                0x00000000       0x28 ..\obj\stm32f10x_tim.o
 .text.TIM_CounterModeConfig
                0x00000000       0x38 ..\obj\stm32f10x_tim.o
 .text.TIM_SelectInputTrigger
                0x00000000       0x38 ..\obj\stm32f10x_tim.o
 .text.TIM_EncoderInterfaceConfig
                0x00000000       0x98 ..\obj\stm32f10x_tim.o
 .text.TIM_ForcedOC1Config
                0x00000000       0x38 ..\obj\stm32f10x_tim.o
 .text.TIM_ForcedOC2Config
                0x00000000       0x3c ..\obj\stm32f10x_tim.o
 .text.TIM_ForcedOC3Config
                0x00000000       0x38 ..\obj\stm32f10x_tim.o
 .text.TIM_ForcedOC4Config
                0x00000000       0x3c ..\obj\stm32f10x_tim.o
 .text.TIM_ARRPreloadConfig
                0x00000000       0x40 ..\obj\stm32f10x_tim.o
 .text.TIM_SelectCOM
                0x00000000       0x40 ..\obj\stm32f10x_tim.o
 .text.TIM_SelectCCDMA
                0x00000000       0x40 ..\obj\stm32f10x_tim.o
 .text.TIM_CCPreloadControl
                0x00000000       0x40 ..\obj\stm32f10x_tim.o
 .text.TIM_OC1PreloadConfig
                0x00000000       0x38 ..\obj\stm32f10x_tim.o
 .text.TIM_OC2PreloadConfig
                0x00000000       0x3c ..\obj\stm32f10x_tim.o
 .text.TIM_OC3PreloadConfig
                0x00000000       0x38 ..\obj\stm32f10x_tim.o
 .text.TIM_OC4PreloadConfig
                0x00000000       0x3c ..\obj\stm32f10x_tim.o
 .text.TIM_OC1FastConfig
                0x00000000       0x38 ..\obj\stm32f10x_tim.o
 .text.TIM_OC2FastConfig
                0x00000000       0x3c ..\obj\stm32f10x_tim.o
 .text.TIM_OC3FastConfig
                0x00000000       0x38 ..\obj\stm32f10x_tim.o
 .text.TIM_OC4FastConfig
                0x00000000       0x3c ..\obj\stm32f10x_tim.o
 .text.TIM_ClearOC1Ref
                0x00000000       0x38 ..\obj\stm32f10x_tim.o
 .text.TIM_ClearOC2Ref
                0x00000000       0x3c ..\obj\stm32f10x_tim.o
 .text.TIM_ClearOC3Ref
                0x00000000       0x38 ..\obj\stm32f10x_tim.o
 .text.TIM_ClearOC4Ref
                0x00000000       0x3c ..\obj\stm32f10x_tim.o
 .text.TIM_OC1PolarityConfig
                0x00000000       0x38 ..\obj\stm32f10x_tim.o
 .text.TIM_OC1NPolarityConfig
                0x00000000       0x38 ..\obj\stm32f10x_tim.o
 .text.TIM_OC2PolarityConfig
                0x00000000       0x3c ..\obj\stm32f10x_tim.o
 .text.TIM_OC2NPolarityConfig
                0x00000000       0x3c ..\obj\stm32f10x_tim.o
 .text.TIM_OC3PolarityConfig
                0x00000000       0x3c ..\obj\stm32f10x_tim.o
 .text.TIM_OC3NPolarityConfig
                0x00000000       0x3c ..\obj\stm32f10x_tim.o
 .text.TIM_OC4PolarityConfig
                0x00000000       0x3c ..\obj\stm32f10x_tim.o
 .text.TIM_CCxCmd
                0x00000000       0x54 ..\obj\stm32f10x_tim.o
 .text.TIM_CCxNCmd
                0x00000000       0x54 ..\obj\stm32f10x_tim.o
 .text.TIM_SelectOCxM
                0x00000000       0xac ..\obj\stm32f10x_tim.o
 .text.TIM_UpdateDisableConfig
                0x00000000       0x40 ..\obj\stm32f10x_tim.o
 .text.TIM_UpdateRequestConfig
                0x00000000       0x40 ..\obj\stm32f10x_tim.o
 .text.TIM_SelectHallSensor
                0x00000000       0x40 ..\obj\stm32f10x_tim.o
 .text.TIM_SelectOnePulseMode
                0x00000000       0x38 ..\obj\stm32f10x_tim.o
 .text.TIM_SelectOutputTrigger
                0x00000000       0x38 ..\obj\stm32f10x_tim.o
 .text.TIM_SelectSlaveMode
                0x00000000       0x38 ..\obj\stm32f10x_tim.o
 .text.TIM_SelectMasterSlaveMode
                0x00000000       0x38 ..\obj\stm32f10x_tim.o
 .text.TIM_SetCounter
                0x00000000       0x1c ..\obj\stm32f10x_tim.o
 .text.TIM_SetAutoreload
                0x00000000       0x1c ..\obj\stm32f10x_tim.o
 .text.TIM_SetCompare1
                0x00000000       0x1c ..\obj\stm32f10x_tim.o
 .text.TIM_SetCompare2
                0x00000000       0x1c ..\obj\stm32f10x_tim.o
 .text.TIM_SetCompare3
                0x00000000       0x1c ..\obj\stm32f10x_tim.o
 .text.TIM_SetCompare4
                0x00000000       0x20 ..\obj\stm32f10x_tim.o
 .text.TIM_SetIC1Prescaler
                0x00000000       0x38 ..\obj\stm32f10x_tim.o
 .text.TIM_SetIC2Prescaler
                0x00000000       0x3c ..\obj\stm32f10x_tim.o
 .text.TIM_SetIC3Prescaler
                0x00000000       0x38 ..\obj\stm32f10x_tim.o
 .text.TIM_SetIC4Prescaler
                0x00000000       0x3c ..\obj\stm32f10x_tim.o
 .text.TIM_SetClockDivision
                0x00000000       0x38 ..\obj\stm32f10x_tim.o
 .text.TIM_GetCapture1
                0x00000000       0x1c ..\obj\stm32f10x_tim.o
 .text.TIM_GetCapture2
                0x00000000       0x1c ..\obj\stm32f10x_tim.o
 .text.TIM_GetCapture3
                0x00000000       0x1c ..\obj\stm32f10x_tim.o
 .text.TIM_GetCapture4
                0x00000000       0x1c ..\obj\stm32f10x_tim.o
 .text.TIM_GetCounter
                0x00000000       0x1c ..\obj\stm32f10x_tim.o
 .text.TIM_GetPrescaler
                0x00000000       0x1c ..\obj\stm32f10x_tim.o
 .text.TIM_GetFlagStatus
                0x00000000       0x38 ..\obj\stm32f10x_tim.o
 .text.TIM_ClearFlag
                0x00000000       0x20 ..\obj\stm32f10x_tim.o
 .text.TIM_GetITStatus
                0x00000000       0x54 ..\obj\stm32f10x_tim.o
 .text.TIM_ClearITPendingBit
                0x00000000       0x20 ..\obj\stm32f10x_tim.o
 .text.TI1_Config
                0x00000000       0xe0 ..\obj\stm32f10x_tim.o
 .text.TI2_Config
                0x00000000       0xf4 ..\obj\stm32f10x_tim.o
 .text.TI3_Config
                0x00000000       0xec ..\obj\stm32f10x_tim.o
 .text.TI4_Config
                0x00000000       0xf8 ..\obj\stm32f10x_tim.o
 .debug_info    0x00000000     0x1c58 ..\obj\stm32f10x_tim.o
 .debug_abbrev  0x00000000      0x1b0 ..\obj\stm32f10x_tim.o
 .debug_aranges
                0x00000000      0x2f0 ..\obj\stm32f10x_tim.o
 .debug_ranges  0x00000000      0x2e0 ..\obj\stm32f10x_tim.o
 .debug_line    0x00000000      0xbc7 ..\obj\stm32f10x_tim.o
 .debug_str     0x00000000      0xe2c ..\obj\stm32f10x_tim.o
 .comment       0x00000000       0x71 ..\obj\stm32f10x_tim.o
 .debug_frame   0x00000000      0xe2c ..\obj\stm32f10x_tim.o
 .ARM.attributes
                0x00000000       0x33 ..\obj\stm32f10x_tim.o
 .text          0x00000000        0x0 ..\obj\USART3_Config.o
 .data          0x00000000        0x0 ..\obj\USART3_Config.o
 .bss           0x00000000        0x0 ..\obj\USART3_Config.o
 .text.Init_USART3
                0x00000000       0x58 ..\obj\USART3_Config.o
 .text.Init_USART3_RCC
                0x00000000       0x20 ..\obj\USART3_Config.o
 .text.Init_USART3_Interrupt
                0x00000000       0x38 ..\obj\USART3_Config.o
 .text          0x00000000        0x0 ..\obj\system_stm32f10x.o
 .bss           0x00000000        0x0 ..\obj\system_stm32f10x.o
 .text.SystemCoreClockUpdate
                0x00000000       0xdc ..\obj\system_stm32f10x.o
 .text          0x00000000        0x0 ..\obj\startup_stm32f10x_md.o
 .data          0x00000000        0x0 ..\obj\startup_stm32f10x_md.o
 .bss           0x00000000        0x0 ..\obj\startup_stm32f10x_md.o
 .text          0x00000000        0x0 ..\obj\stm32f10x_pwr.o
 .data          0x00000000        0x0 ..\obj\stm32f10x_pwr.o
 .bss           0x00000000        0x0 ..\obj\stm32f10x_pwr.o
 .text.PWR_DeInit
                0x00000000       0x1c ..\obj\stm32f10x_pwr.o
 .text.PWR_BackupAccessCmd
                0x00000000       0x20 ..\obj\stm32f10x_pwr.o
 .text.PWR_PVDCmd
                0x00000000       0x20 ..\obj\stm32f10x_pwr.o
 .text.PWR_PVDLevelConfig
                0x00000000       0x38 ..\obj\stm32f10x_pwr.o
 .text.PWR_WakeUpPinCmd
                0x00000000       0x20 ..\obj\stm32f10x_pwr.o
 .text.PWR_EnterSTOPMode
                0x00000000       0x64 ..\obj\stm32f10x_pwr.o
 .text.PWR_EnterSTANDBYMode
                0x00000000       0x3c ..\obj\stm32f10x_pwr.o
 .text.PWR_GetFlagStatus
                0x00000000       0x34 ..\obj\stm32f10x_pwr.o
 .text.PWR_ClearFlag
                0x00000000       0x24 ..\obj\stm32f10x_pwr.o
 .debug_info    0x00000000      0x482 ..\obj\stm32f10x_pwr.o
 .debug_abbrev  0x00000000      0x17f ..\obj\stm32f10x_pwr.o
 .debug_aranges
                0x00000000       0x60 ..\obj\stm32f10x_pwr.o
 .debug_ranges  0x00000000       0x50 ..\obj\stm32f10x_pwr.o
 .debug_line    0x00000000      0x325 ..\obj\stm32f10x_pwr.o
 .debug_str     0x00000000      0x371 ..\obj\stm32f10x_pwr.o
 .comment       0x00000000       0x71 ..\obj\stm32f10x_pwr.o
 .debug_frame   0x00000000      0x164 ..\obj\stm32f10x_pwr.o
 .ARM.attributes
                0x00000000       0x33 ..\obj\stm32f10x_pwr.o
 .text          0x00000000        0x0 ..\obj\stm32f10x_gpio.o
 .data          0x00000000        0x0 ..\obj\stm32f10x_gpio.o
 .bss           0x00000000        0x0 ..\obj\stm32f10x_gpio.o
 .text.GPIO_DeInit
                0x00000000       0xe4 ..\obj\stm32f10x_gpio.o
 .text.GPIO_AFIODeInit
                0x00000000       0x18 ..\obj\stm32f10x_gpio.o
 .text.GPIO_StructInit
                0x00000000       0x28 ..\obj\stm32f10x_gpio.o
 .text.GPIO_ReadInputDataBit
                0x00000000       0x34 ..\obj\stm32f10x_gpio.o
 .text.GPIO_ReadInputData
                0x00000000       0x1c ..\obj\stm32f10x_gpio.o
 .text.GPIO_ReadOutputDataBit
                0x00000000       0x34 ..\obj\stm32f10x_gpio.o
 .text.GPIO_ReadOutputData
                0x00000000       0x1c ..\obj\stm32f10x_gpio.o
 .text.GPIO_SetBits
                0x00000000       0x1c ..\obj\stm32f10x_gpio.o
 .text.GPIO_ResetBits
                0x00000000       0x1c ..\obj\stm32f10x_gpio.o
 .text.GPIO_WriteBit
                0x00000000       0x30 ..\obj\stm32f10x_gpio.o
 .text.GPIO_Write
                0x00000000       0x1c ..\obj\stm32f10x_gpio.o
 .text.GPIO_PinLockConfig
                0x00000000       0x44 ..\obj\stm32f10x_gpio.o
 .text.GPIO_EventOutputConfig
                0x00000000       0x4c ..\obj\stm32f10x_gpio.o
 .text.GPIO_EventOutputCmd
                0x00000000       0x20 ..\obj\stm32f10x_gpio.o
 .text.GPIO_PinRemapConfig
                0x00000000       0xe0 ..\obj\stm32f10x_gpio.o
 .text.GPIO_EXTILineConfig
                0x00000000       0x84 ..\obj\stm32f10x_gpio.o
 .text.GPIO_ETH_MediaInterfaceConfig
                0x00000000       0x1c ..\obj\stm32f10x_gpio.o
 .text          0x00000000        0x0 ..\obj\main.o
 .data          0x00000000        0x4 ..\obj\main.o
 .text.SetSystemClockOut
                0x00000000       0x40 ..\obj\main.o
 .text.DEBUG_DevBoardButtonConfig
                0x00000000       0x28 ..\obj\main.o
 .text          0x00000000        0x0 ..\obj\WebServer.o
 .text.RefreshCustomRESTResponse
                0x00000000       0x40 ..\obj\WebServer.o
 .text.buildHeader
                0x00000000       0x2c ..\obj\WebServer.o
 .text.SendWebRequestResponse
                0x00000000       0x6c ..\obj\WebServer.o
 .text          0x00000000        0x0 ..\obj\stm32f10x_crc.o
 .data          0x00000000        0x0 ..\obj\stm32f10x_crc.o
 .bss           0x00000000        0x0 ..\obj\stm32f10x_crc.o
 .text.CRC_ResetDR
                0x00000000       0x18 ..\obj\stm32f10x_crc.o
 .text.CRC_CalcCRC
                0x00000000       0x24 ..\obj\stm32f10x_crc.o
 .text.CRC_CalcBlockCRC
                0x00000000       0x44 ..\obj\stm32f10x_crc.o
 .text.CRC_GetCRC
                0x00000000       0x18 ..\obj\stm32f10x_crc.o
 .text.CRC_SetIDRegister
                0x00000000       0x20 ..\obj\stm32f10x_crc.o
 .text.CRC_GetIDRegister
                0x00000000       0x18 ..\obj\stm32f10x_crc.o
 .debug_info    0x00000000      0x208 ..\obj\stm32f10x_crc.o
 .debug_abbrev  0x00000000      0x114 ..\obj\stm32f10x_crc.o
 .debug_aranges
                0x00000000       0x48 ..\obj\stm32f10x_crc.o
 .debug_ranges  0x00000000       0x38 ..\obj\stm32f10x_crc.o
 .debug_line    0x00000000      0x2c8 ..\obj\stm32f10x_crc.o
 .debug_str     0x00000000      0x28a ..\obj\stm32f10x_crc.o
 .comment       0x00000000       0x71 ..\obj\stm32f10x_crc.o
 .debug_frame   0x00000000       0xe8 ..\obj\stm32f10x_crc.o
 .ARM.attributes
                0x00000000       0x33 ..\obj\stm32f10x_crc.o
 .text          0x00000000        0x0 ..\obj\swamp_functions.o
 .data          0x00000000        0x0 ..\obj\swamp_functions.o
 .bss           0x00000000        0x0 ..\obj\swamp_functions.o
 .text.Refresh_States
                0x00000000       0x24 ..\obj\swamp_functions.o
 .text          0x00000000        0x0 ..\obj\printf.o
 .bss           0x00000000        0x0 ..\obj\printf.o
 .text.PrintChar
                0x00000000       0x14 ..\obj\printf.o
 .rodata        0x00000000       0x24 ..\obj\printf.o
 .text.vfprintf
                0x00000000       0x68 ..\obj\printf.o
 .text.vprintf  0x00000000       0x28 ..\obj\printf.o
 .text.fprintf  0x00000000       0x2c ..\obj\printf.o
 .text.printf   0x00000000       0x28 ..\obj\printf.o
 .text.puts     0x00000000       0x24 ..\obj\printf.o
 .text.fputc    0x00000000       0x40 ..\obj\printf.o
 .text.fputs    0x00000000       0x48 ..\obj\printf.o
 .text          0x00000000        0x0 ..\obj\stm32f10x_rcc.o
 .bss           0x00000000        0x0 ..\obj\stm32f10x_rcc.o
 .text.RCC_DeInit
                0x00000000       0x5c ..\obj\stm32f10x_rcc.o
 .text.RCC_WaitForHSEStartUp
                0x00000000       0x50 ..\obj\stm32f10x_rcc.o
 .text.RCC_AdjustHSICalibrationValue
                0x00000000       0x3c ..\obj\stm32f10x_rcc.o
 .text.RCC_GetSYSCLKSource
                0x00000000       0x20 ..\obj\stm32f10x_rcc.o
 .text.RCC_ITConfig
                0x00000000       0x4c ..\obj\stm32f10x_rcc.o
 .text.RCC_USBCLKConfig
                0x00000000       0x1c ..\obj\stm32f10x_rcc.o
 .text.RCC_LSEConfig
                0x00000000       0x40 ..\obj\stm32f10x_rcc.o
 .text.RCC_LSICmd
                0x00000000       0x20 ..\obj\stm32f10x_rcc.o
 .text.RCC_RTCCLKConfig
                0x00000000       0x24 ..\obj\stm32f10x_rcc.o
 .text.RCC_RTCCLKCmd
                0x00000000       0x20 ..\obj\stm32f10x_rcc.o
 .text.RCC_APB2PeriphResetCmd
                0x00000000       0x3c ..\obj\stm32f10x_rcc.o
 .text.RCC_APB1PeriphResetCmd
                0x00000000       0x3c ..\obj\stm32f10x_rcc.o
 .text.RCC_BackupResetCmd
                0x00000000       0x20 ..\obj\stm32f10x_rcc.o
 .text.RCC_ClockSecuritySystemCmd
                0x00000000       0x20 ..\obj\stm32f10x_rcc.o
 .text.RCC_MCOConfig
                0x00000000       0x20 ..\obj\stm32f10x_rcc.o
 .text.RCC_ClearFlag
                0x00000000       0x1c ..\obj\stm32f10x_rcc.o
 .text.RCC_GetITStatus
                0x00000000       0x38 ..\obj\stm32f10x_rcc.o
 .text.RCC_ClearITPendingBit
                0x00000000       0x20 ..\obj\stm32f10x_rcc.o
 .text          0x00000000        0x0 ..\obj\stm32f10x_exti.o
 .data          0x00000000        0x0 ..\obj\stm32f10x_exti.o
 .bss           0x00000000        0x0 ..\obj\stm32f10x_exti.o
 .text.EXTI_DeInit
                0x00000000       0x34 ..\obj\stm32f10x_exti.o
 .text.EXTI_Init
                0x00000000       0xe4 ..\obj\stm32f10x_exti.o
 .text.EXTI_StructInit
                0x00000000       0x2c ..\obj\stm32f10x_exti.o
 .text.EXTI_GenerateSWInterrupt
                0x00000000       0x24 ..\obj\stm32f10x_exti.o
 .text.EXTI_GetFlagStatus
                0x00000000       0x34 ..\obj\stm32f10x_exti.o
 .text.EXTI_ClearFlag
                0x00000000       0x1c ..\obj\stm32f10x_exti.o
 .text.EXTI_GetITStatus
                0x00000000       0x48 ..\obj\stm32f10x_exti.o
 .text.EXTI_ClearITPendingBit
                0x00000000       0x1c ..\obj\stm32f10x_exti.o
 .debug_info    0x00000000      0x341 ..\obj\stm32f10x_exti.o
 .debug_abbrev  0x00000000      0x151 ..\obj\stm32f10x_exti.o
 .debug_aranges
                0x00000000       0x58 ..\obj\stm32f10x_exti.o
 .debug_ranges  0x00000000       0x48 ..\obj\stm32f10x_exti.o
 .debug_line    0x00000000      0x38d ..\obj\stm32f10x_exti.o
 .debug_str     0x00000000      0x398 ..\obj\stm32f10x_exti.o
 .comment       0x00000000       0x71 ..\obj\stm32f10x_exti.o
 .debug_frame   0x00000000      0x148 ..\obj\stm32f10x_exti.o
 .ARM.attributes
                0x00000000       0x33 ..\obj\stm32f10x_exti.o
 .text          0x00000000        0x0 ..\obj\stm32f10x_adc.o
 .data          0x00000000        0x0 ..\obj\stm32f10x_adc.o
 .bss           0x00000000        0x0 ..\obj\stm32f10x_adc.o
 .text.ADC_DeInit
                0x00000000       0x74 ..\obj\stm32f10x_adc.o
 .text.ADC_Init
                0x00000000       0xa4 ..\obj\stm32f10x_adc.o
 .text.ADC_StructInit
                0x00000000       0x38 ..\obj\stm32f10x_adc.o
 .text.ADC_Cmd  0x00000000       0x38 ..\obj\stm32f10x_adc.o
 .text.ADC_DMACmd
                0x00000000       0x38 ..\obj\stm32f10x_adc.o
 .text.ADC_ITConfig
                0x00000000       0x44 ..\obj\stm32f10x_adc.o
 .text.ADC_ResetCalibration
                0x00000000       0x20 ..\obj\stm32f10x_adc.o
 .text.ADC_GetResetCalibrationStatus
                0x00000000       0x30 ..\obj\stm32f10x_adc.o
 .text.ADC_StartCalibration
                0x00000000       0x20 ..\obj\stm32f10x_adc.o
 .text.ADC_GetCalibrationStatus
                0x00000000       0x30 ..\obj\stm32f10x_adc.o
 .text.ADC_SoftwareStartConvCmd
                0x00000000       0x38 ..\obj\stm32f10x_adc.o
 .text.ADC_GetSoftwareStartConvStatus
                0x00000000       0x30 ..\obj\stm32f10x_adc.o
 .text.ADC_DiscModeChannelCountConfig
                0x00000000       0x44 ..\obj\stm32f10x_adc.o
 .text.ADC_DiscModeCmd
                0x00000000       0x38 ..\obj\stm32f10x_adc.o
 .text.ADC_RegularChannelConfig
                0x00000000      0x194 ..\obj\stm32f10x_adc.o
 .text.ADC_ExternalTrigConvCmd
                0x00000000       0x38 ..\obj\stm32f10x_adc.o
 .text.ADC_GetConversionValue
                0x00000000       0x1c ..\obj\stm32f10x_adc.o
 .text.ADC_GetDualModeConversionValue
                0x00000000       0x18 ..\obj\stm32f10x_adc.o
 .text.ADC_AutoInjectedConvCmd
                0x00000000       0x38 ..\obj\stm32f10x_adc.o
 .text.ADC_InjectedDiscModeCmd
                0x00000000       0x38 ..\obj\stm32f10x_adc.o
 .text.ADC_ExternalTrigInjectedConvConfig
                0x00000000       0x34 ..\obj\stm32f10x_adc.o
 .text.ADC_ExternalTrigInjectedConvCmd
                0x00000000       0x38 ..\obj\stm32f10x_adc.o
 .text.ADC_SoftwareStartInjectedConvCmd
                0x00000000       0x38 ..\obj\stm32f10x_adc.o
 .text.ADC_GetSoftwareStartInjectedConvCmdStatus
                0x00000000       0x30 ..\obj\stm32f10x_adc.o
 .text.ADC_InjectedChannelConfig
                0x00000000      0x120 ..\obj\stm32f10x_adc.o
 .text.ADC_InjectedSequencerLengthConfig
                0x00000000       0x44 ..\obj\stm32f10x_adc.o
 .text.ADC_SetInjectedOffset
                0x00000000       0x34 ..\obj\stm32f10x_adc.o
 .text.ADC_GetInjectedConversionValue
                0x00000000       0x30 ..\obj\stm32f10x_adc.o
 .text.ADC_AnalogWatchdogCmd
                0x00000000       0x38 ..\obj\stm32f10x_adc.o
 .text.ADC_AnalogWatchdogThresholdsConfig
                0x00000000       0x28 ..\obj\stm32f10x_adc.o
 .text.ADC_AnalogWatchdogSingleChannelConfig
                0x00000000       0x38 ..\obj\stm32f10x_adc.o
 .text.ADC_TempSensorVrefintCmd
                0x00000000       0x38 ..\obj\stm32f10x_adc.o
 .text.ADC_GetFlagStatus
                0x00000000       0x34 ..\obj\stm32f10x_adc.o
 .text.ADC_ClearFlag
                0x00000000       0x20 ..\obj\stm32f10x_adc.o
 .text.ADC_GetITStatus
                0x00000000       0x58 ..\obj\stm32f10x_adc.o
 .text.ADC_ClearITPendingBit
                0x00000000       0x2c ..\obj\stm32f10x_adc.o
 .debug_info    0x00000000      0xb74 ..\obj\stm32f10x_adc.o
 .debug_abbrev  0x00000000      0x198 ..\obj\stm32f10x_adc.o
 .debug_aranges
                0x00000000      0x138 ..\obj\stm32f10x_adc.o
 .debug_ranges  0x00000000      0x128 ..\obj\stm32f10x_adc.o
 .debug_line    0x00000000      0x60a ..\obj\stm32f10x_adc.o
 .debug_str     0x00000000      0x74a ..\obj\stm32f10x_adc.o
 .comment       0x00000000       0x71 ..\obj\stm32f10x_adc.o
 .debug_frame   0x00000000      0x5a4 ..\obj\stm32f10x_adc.o
 .ARM.attributes
                0x00000000       0x33 ..\obj\stm32f10x_adc.o
 .text          0x00000000        0x0 ..\obj\stm32f10x_usart.o
 .data          0x00000000        0x0 ..\obj\stm32f10x_usart.o
 .bss           0x00000000        0x0 ..\obj\stm32f10x_usart.o
 .text.USART_DeInit
                0x00000000       0xb8 ..\obj\stm32f10x_usart.o
 .text.USART_StructInit
                0x00000000       0x38 ..\obj\stm32f10x_usart.o
 .text.USART_ClockInit
                0x00000000       0x58 ..\obj\stm32f10x_usart.o
 .text.USART_ClockStructInit
                0x00000000       0x2c ..\obj\stm32f10x_usart.o
 .text.USART_ITConfig
                0x00000000       0x90 ..\obj\stm32f10x_usart.o
 .text.USART_SetAddress
                0x00000000       0x38 ..\obj\stm32f10x_usart.o
 .text.USART_WakeUpConfig
                0x00000000       0x38 ..\obj\stm32f10x_usart.o
 .text.USART_ReceiverWakeUpCmd
                0x00000000       0x40 ..\obj\stm32f10x_usart.o
 .text.USART_LINBreakDetectLengthConfig
                0x00000000       0x38 ..\obj\stm32f10x_usart.o
 .text.USART_LINCmd
                0x00000000       0x40 ..\obj\stm32f10x_usart.o
 .text.USART_ReceiveData
                0x00000000       0x20 ..\obj\stm32f10x_usart.o
 .text.USART_SendBreak
                0x00000000       0x24 ..\obj\stm32f10x_usart.o
 .text.USART_SetGuardTime
                0x00000000       0x3c ..\obj\stm32f10x_usart.o
 .text.USART_SetPrescaler
                0x00000000       0x38 ..\obj\stm32f10x_usart.o
 .text.USART_SmartCardCmd
                0x00000000       0x40 ..\obj\stm32f10x_usart.o
 .text.USART_SmartCardNACKCmd
                0x00000000       0x40 ..\obj\stm32f10x_usart.o
 .text.USART_HalfDuplexCmd
                0x00000000       0x40 ..\obj\stm32f10x_usart.o
 .text.USART_OverSampling8Cmd
                0x00000000       0x44 ..\obj\stm32f10x_usart.o
 .text.USART_OneBitMethodCmd
                0x00000000       0x40 ..\obj\stm32f10x_usart.o
 .text.USART_IrDAConfig
                0x00000000       0x38 ..\obj\stm32f10x_usart.o
 .text.USART_IrDACmd
                0x00000000       0x40 ..\obj\stm32f10x_usart.o
 .text.USART_ClearFlag
                0x00000000       0x20 ..\obj\stm32f10x_usart.o
 .text.USART_GetITStatus
                0x00000000       0xb8 ..\obj\stm32f10x_usart.o
 .text.USART_ClearITPendingBit
                0x00000000       0x38 ..\obj\stm32f10x_usart.o
 .text          0x00000000        0x0 ..\obj\time.o
 .data          0x00000000        0x0 ..\obj\time.o
 .data          0x00000000        0x0 ..\obj\sh_cmd.o
 .bss           0x00000000        0x0 ..\obj\sh_cmd.o
 .text          0x00000000        0x0 ..\obj\json.o
 .data          0x00000000        0x0 ..\obj\json.o
 .bss           0x00000000        0x0 ..\obj\json.o
 .debug_info    0x00000000       0x6e ..\obj\json.o
 .debug_abbrev  0x00000000       0x24 ..\obj\json.o
 .debug_aranges
                0x00000000       0x18 ..\obj\json.o
 .debug_line    0x00000000       0x1d ..\obj\json.o
 .debug_str     0x00000000      0x170 ..\obj\json.o
 .comment       0x00000000       0x71 ..\obj\json.o
 .ARM.attributes
                0x00000000       0x33 ..\obj\json.o
 .text          0x00000000        0x0 ..\obj\stm32f10x_flash.o
 .data          0x00000000        0x0 ..\obj\stm32f10x_flash.o
 .bss           0x00000000        0x0 ..\obj\stm32f10x_flash.o
 .text.FLASH_HalfCycleAccessCmd
                0x00000000       0x30 ..\obj\stm32f10x_flash.o
 .text.FLASH_PrefetchBufferCmd
                0x00000000       0x30 ..\obj\stm32f10x_flash.o
 .text.FLASH_Unlock
                0x00000000       0x24 ..\obj\stm32f10x_flash.o
 .text.FLASH_UnlockBank1
                0x00000000       0x24 ..\obj\stm32f10x_flash.o
 .text.FLASH_Lock
                0x00000000       0x1c ..\obj\stm32f10x_flash.o
 .text.FLASH_LockBank1
                0x00000000       0x1c ..\obj\stm32f10x_flash.o
 .text.FLASH_ErasePage
                0x00000000       0x64 ..\obj\stm32f10x_flash.o
 .text.FLASH_EraseAllPages
                0x00000000       0x5c ..\obj\stm32f10x_flash.o
 .text.FLASH_EraseAllBank1Pages
                0x00000000       0x5c ..\obj\stm32f10x_flash.o
 .text.FLASH_EraseOptionBytes
                0x00000000       0xd4 ..\obj\stm32f10x_flash.o
 .text.FLASH_ProgramWord
                0x00000000       0x94 ..\obj\stm32f10x_flash.o
 .text.FLASH_ProgramHalfWord
                0x00000000       0x5c ..\obj\stm32f10x_flash.o
 .text.FLASH_ProgramOptionByteData
                0x00000000       0x78 ..\obj\stm32f10x_flash.o
 .text.FLASH_EnableWriteProtection
                0x00000000      0x118 ..\obj\stm32f10x_flash.o
 .text.FLASH_ReadOutProtection
                0x00000000       0xd4 ..\obj\stm32f10x_flash.o
 .text.FLASH_UserOptionByteConfig
                0x00000000       0x94 ..\obj\stm32f10x_flash.o
 .text.FLASH_GetUserOptionByte
                0x00000000       0x18 ..\obj\stm32f10x_flash.o
 .text.FLASH_GetWriteProtectionOptionByte
                0x00000000       0x18 ..\obj\stm32f10x_flash.o
 .text.FLASH_GetReadOutProtectionStatus
                0x00000000       0x34 ..\obj\stm32f10x_flash.o
 .text.FLASH_GetPrefetchBufferStatus
                0x00000000       0x34 ..\obj\stm32f10x_flash.o
 .text.FLASH_ITConfig
                0x00000000       0x3c ..\obj\stm32f10x_flash.o
 .text.FLASH_GetFlagStatus
                0x00000000       0x54 ..\obj\stm32f10x_flash.o
 .text.FLASH_ClearFlag
                0x00000000       0x1c ..\obj\stm32f10x_flash.o
 .text.FLASH_GetStatus
                0x00000000       0x58 ..\obj\stm32f10x_flash.o
 .text.FLASH_GetBank1Status
                0x00000000       0x58 ..\obj\stm32f10x_flash.o
 .text.FLASH_WaitForLastOperation
                0x00000000       0x44 ..\obj\stm32f10x_flash.o
 .text.FLASH_WaitForLastBank1Operation
                0x00000000       0x44 ..\obj\stm32f10x_flash.o
 .text          0x00000000        0x0 ..\obj\stm32f10x_sdio.o
 .data          0x00000000        0x0 ..\obj\stm32f10x_sdio.o
 .bss           0x00000000        0x0 ..\obj\stm32f10x_sdio.o
 .text.SDIO_DeInit
                0x00000000       0x4c ..\obj\stm32f10x_sdio.o
 .text.SDIO_Init
                0x00000000       0x5c ..\obj\stm32f10x_sdio.o
 .text.SDIO_StructInit
                0x00000000       0x38 ..\obj\stm32f10x_sdio.o
 .text.SDIO_ClockCmd
                0x00000000       0x20 ..\obj\stm32f10x_sdio.o
 .text.SDIO_SetPowerState
                0x00000000       0x30 ..\obj\stm32f10x_sdio.o
 .text.SDIO_GetPowerState
                0x00000000       0x1c ..\obj\stm32f10x_sdio.o
 .text.SDIO_ITConfig
                0x00000000       0x3c ..\obj\stm32f10x_sdio.o
 .text.SDIO_DMACmd
                0x00000000       0x20 ..\obj\stm32f10x_sdio.o
 .text.SDIO_SendCommand
                0x00000000       0x58 ..\obj\stm32f10x_sdio.o
 .text.SDIO_CmdStructInit
                0x00000000       0x30 ..\obj\stm32f10x_sdio.o
 .text.SDIO_GetCommandResponse
                0x00000000       0x18 ..\obj\stm32f10x_sdio.o
 .text.SDIO_GetResponse
                0x00000000       0x28 ..\obj\stm32f10x_sdio.o
 .text.SDIO_DataConfig
                0x00000000       0x5c ..\obj\stm32f10x_sdio.o
 .text.SDIO_DataStructInit
                0x00000000       0x38 ..\obj\stm32f10x_sdio.o
 .text.SDIO_GetDataCounter
                0x00000000       0x18 ..\obj\stm32f10x_sdio.o
 .text.SDIO_ReadData
                0x00000000       0x18 ..\obj\stm32f10x_sdio.o
 .text.SDIO_WriteData
                0x00000000       0x20 ..\obj\stm32f10x_sdio.o
 .text.SDIO_GetFIFOCount
                0x00000000       0x18 ..\obj\stm32f10x_sdio.o
 .text.SDIO_StartSDIOReadWait
                0x00000000       0x20 ..\obj\stm32f10x_sdio.o
 .text.SDIO_StopSDIOReadWait
                0x00000000       0x20 ..\obj\stm32f10x_sdio.o
 .text.SDIO_SetSDIOReadWaitMode
                0x00000000       0x1c ..\obj\stm32f10x_sdio.o
 .text.SDIO_SetSDIOOperation
                0x00000000       0x20 ..\obj\stm32f10x_sdio.o
 .text.SDIO_SendSDIOSuspendCmd
                0x00000000       0x20 ..\obj\stm32f10x_sdio.o
 .text.SDIO_CommandCompletionCmd
                0x00000000       0x20 ..\obj\stm32f10x_sdio.o
 .text.SDIO_CEATAITCmd
                0x00000000       0x2c ..\obj\stm32f10x_sdio.o
 .text.SDIO_SendCEATACmd
                0x00000000       0x20 ..\obj\stm32f10x_sdio.o
 .text.SDIO_GetFlagStatus
                0x00000000       0x34 ..\obj\stm32f10x_sdio.o
 .text.SDIO_ClearFlag
                0x00000000       0x1c ..\obj\stm32f10x_sdio.o
 .text.SDIO_GetITStatus
                0x00000000       0x34 ..\obj\stm32f10x_sdio.o
 .text.SDIO_ClearITPendingBit
                0x00000000       0x1c ..\obj\stm32f10x_sdio.o
 .debug_info    0x00000000      0x7eb ..\obj\stm32f10x_sdio.o
 .debug_abbrev  0x00000000      0x1af ..\obj\stm32f10x_sdio.o
 .debug_aranges
                0x00000000      0x108 ..\obj\stm32f10x_sdio.o
 .debug_ranges  0x00000000       0xf8 ..\obj\stm32f10x_sdio.o
 .debug_line    0x00000000      0x534 ..\obj\stm32f10x_sdio.o
 .debug_str     0x00000000      0x67f ..\obj\stm32f10x_sdio.o
 .comment       0x00000000       0x71 ..\obj\stm32f10x_sdio.o
 .debug_frame   0x00000000      0x490 ..\obj\stm32f10x_sdio.o
 .ARM.attributes
                0x00000000       0x33 ..\obj\stm32f10x_sdio.o
 .text          0x00000000        0x0 ..\obj\stm32f10x_dma.o
 .data          0x00000000        0x0 ..\obj\stm32f10x_dma.o
 .bss           0x00000000        0x0 ..\obj\stm32f10x_dma.o
 .text.DMA_StructInit
                0x00000000       0x54 ..\obj\stm32f10x_dma.o
 .text.DMA_ITConfig
                0x00000000       0x3c ..\obj\stm32f10x_dma.o
 .text.DMA_SetCurrDataCounter
                0x00000000       0x1c ..\obj\stm32f10x_dma.o
 .text.DMA_GetCurrDataCounter
                0x00000000       0x1c ..\obj\stm32f10x_dma.o
 .text.DMA_GetFlagStatus
                0x00000000       0x54 ..\obj\stm32f10x_dma.o
 .text.DMA_GetITStatus
                0x00000000       0x54 ..\obj\stm32f10x_dma.o
 .text.DMA_ClearITPendingBit
                0x00000000       0x34 ..\obj\stm32f10x_dma.o
 .text          0x00000000        0x0 ..\obj\dht22.o
 .data          0x00000000        0x0 ..\obj\dht22.o
 .bss           0x00000000        0x0 ..\obj\dht22.o
 .debug_line    0x00000000        0x0 ..\obj\dht22.o
 .debug_str     0x00000000       0xe8 ..\obj\dht22.o
 .comment       0x00000000       0x71 ..\obj\dht22.o
 .ARM.attributes
                0x00000000       0x33 ..\obj\dht22.o
 .text          0x00000000        0x0 ..\obj\misc.o
 .data          0x00000000        0x0 ..\obj\misc.o
 .bss           0x00000000        0x0 ..\obj\misc.o
 .text.NVIC_PriorityGroupConfig
                0x00000000       0x24 ..\obj\misc.o
 .text.NVIC_SetVectorTable
                0x00000000       0x2c ..\obj\misc.o
 .text.NVIC_SystemLPConfig
                0x00000000       0x40 ..\obj\misc.o
 .text.SysTick_CLKSourceConfig
                0x00000000       0x38 ..\obj\misc.o
 .text          0x00000000        0x0 ..\obj\WebServerConfig.o
 .data          0x00000000       0x10 ..\obj\WebServerConfig.o
 .bss           0x00000000        0x0 ..\obj\WebServerConfig.o
 .rodata        0x00000000       0x20 ..\obj\WebServerConfig.o
 .text          0x00000000        0x0 ..\obj\esp8266.o
 .text.SetArray_Size
                0x00000000       0x20 ..\obj\esp8266.o
 .text.Wifi_WaitForAnswer
                0x00000000       0x44 ..\obj\esp8266.o
 .text.Wifi_CloseConnection
                0x00000000       0x2c ..\obj\esp8266.o
 .text.Wifi_SendCustomCommand
                0x00000000       0x18 ..\obj\esp8266.o
 .text.ConnectToAP
                0x00000000       0x2c ..\obj\esp8266.o
 .text.StartLocalAP
                0x00000000       0x40 ..\obj\esp8266.o
 .text          0x00000000        0x0 c:/program files (x86)/gnu tools arm embedded/4.9 2015q1/bin/../lib/gcc/arm-none-eabi/4.9.3/../../../../arm-none-eabi/lib/armv7-m\libg.a(lib_a-atoi.o)
 .data          0x00000000        0x0 c:/program files (x86)/gnu tools arm embedded/4.9 2015q1/bin/../lib/gcc/arm-none-eabi/4.9.3/../../../../arm-none-eabi/lib/armv7-m\libg.a(lib_a-atoi.o)
 .bss           0x00000000        0x0 c:/program files (x86)/gnu tools arm embedded/4.9 2015q1/bin/../lib/gcc/arm-none-eabi/4.9.3/../../../../arm-none-eabi/lib/armv7-m\libg.a(lib_a-atoi.o)
 .text._atoi_r  0x00000000        0x8 c:/program files (x86)/gnu tools arm embedded/4.9 2015q1/bin/../lib/gcc/arm-none-eabi/4.9.3/../../../../arm-none-eabi/lib/armv7-m\libg.a(lib_a-atoi.o)
 .text          0x00000000        0x0 c:/program files (x86)/gnu tools arm embedded/4.9 2015q1/bin/../lib/gcc/arm-none-eabi/4.9.3/../../../../arm-none-eabi/lib/armv7-m\libg.a(lib_a-memmem.o)
 .data          0x00000000        0x0 c:/program files (x86)/gnu tools arm embedded/4.9 2015q1/bin/../lib/gcc/arm-none-eabi/4.9.3/../../../../arm-none-eabi/lib/armv7-m\libg.a(lib_a-memmem.o)
 .bss           0x00000000        0x0 c:/program files (x86)/gnu tools arm embedded/4.9 2015q1/bin/../lib/gcc/arm-none-eabi/4.9.3/../../../../arm-none-eabi/lib/armv7-m\libg.a(lib_a-memmem.o)
 .text          0x00000000        0x0 c:/program files (x86)/gnu tools arm embedded/4.9 2015q1/bin/../lib/gcc/arm-none-eabi/4.9.3/../../../../arm-none-eabi/lib/armv7-m\libg.a(lib_a-memset.o)
 .data          0x00000000        0x0 c:/program files (x86)/gnu tools arm embedded/4.9 2015q1/bin/../lib/gcc/arm-none-eabi/4.9.3/../../../../arm-none-eabi/lib/armv7-m\libg.a(lib_a-memset.o)
 .bss           0x00000000        0x0 c:/program files (x86)/gnu tools arm embedded/4.9 2015q1/bin/../lib/gcc/arm-none-eabi/4.9.3/../../../../arm-none-eabi/lib/armv7-m\libg.a(lib_a-memset.o)
 .text          0x00000000        0x0 c:/program files (x86)/gnu tools arm embedded/4.9 2015q1/bin/../lib/gcc/arm-none-eabi/4.9.3/../../../../arm-none-eabi/lib/armv7-m\libg.a(lib_a-strchr.o)
 .data          0x00000000        0x0 c:/program files (x86)/gnu tools arm embedded/4.9 2015q1/bin/../lib/gcc/arm-none-eabi/4.9.3/../../../../arm-none-eabi/lib/armv7-m\libg.a(lib_a-strchr.o)
 .bss           0x00000000        0x0 c:/program files (x86)/gnu tools arm embedded/4.9 2015q1/bin/../lib/gcc/arm-none-eabi/4.9.3/../../../../arm-none-eabi/lib/armv7-m\libg.a(lib_a-strchr.o)
 .text          0x00000000        0x0 c:/program files (x86)/gnu tools arm embedded/4.9 2015q1/bin/../lib/gcc/arm-none-eabi/4.9.3/../../../../arm-none-eabi/lib/armv7-m\libg.a(lib_a-strcpy.o)
 .data          0x00000000        0x0 c:/program files (x86)/gnu tools arm embedded/4.9 2015q1/bin/../lib/gcc/arm-none-eabi/4.9.3/../../../../arm-none-eabi/lib/armv7-m\libg.a(lib_a-strcpy.o)
 .bss           0x00000000        0x0 c:/program files (x86)/gnu tools arm embedded/4.9 2015q1/bin/../lib/gcc/arm-none-eabi/4.9.3/../../../../arm-none-eabi/lib/armv7-m\libg.a(lib_a-strcpy.o)
 .text          0x00000000        0x0 c:/program files (x86)/gnu tools arm embedded/4.9 2015q1/bin/../lib/gcc/arm-none-eabi/4.9.3/../../../../arm-none-eabi/lib/armv7-m\libg.a(lib_a-strlen.o)
 .data          0x00000000        0x0 c:/program files (x86)/gnu tools arm embedded/4.9 2015q1/bin/../lib/gcc/arm-none-eabi/4.9.3/../../../../arm-none-eabi/lib/armv7-m\libg.a(lib_a-strlen.o)
 .bss           0x00000000        0x0 c:/program files (x86)/gnu tools arm embedded/4.9 2015q1/bin/../lib/gcc/arm-none-eabi/4.9.3/../../../../arm-none-eabi/lib/armv7-m\libg.a(lib_a-strlen.o)
 .text          0x00000000        0x0 c:/program files (x86)/gnu tools arm embedded/4.9 2015q1/bin/../lib/gcc/arm-none-eabi/4.9.3/../../../../arm-none-eabi/lib/armv7-m\libg.a(lib_a-strstr.o)
 .data          0x00000000        0x0 c:/program files (x86)/gnu tools arm embedded/4.9 2015q1/bin/../lib/gcc/arm-none-eabi/4.9.3/../../../../arm-none-eabi/lib/armv7-m\libg.a(lib_a-strstr.o)
 .bss           0x00000000        0x0 c:/program files (x86)/gnu tools arm embedded/4.9 2015q1/bin/../lib/gcc/arm-none-eabi/4.9.3/../../../../arm-none-eabi/lib/armv7-m\libg.a(lib_a-strstr.o)
 .text          0x00000000        0x0 c:/program files (x86)/gnu tools arm embedded/4.9 2015q1/bin/../lib/gcc/arm-none-eabi/4.9.3/../../../../arm-none-eabi/lib/armv7-m\libg.a(lib_a-strtok.o)
 .data          0x00000000        0x0 c:/program files (x86)/gnu tools arm embedded/4.9 2015q1/bin/../lib/gcc/arm-none-eabi/4.9.3/../../../../arm-none-eabi/lib/armv7-m\libg.a(lib_a-strtok.o)
 .bss           0x00000000        0x0 c:/program files (x86)/gnu tools arm embedded/4.9 2015q1/bin/../lib/gcc/arm-none-eabi/4.9.3/../../../../arm-none-eabi/lib/armv7-m\libg.a(lib_a-strtok.o)
 .text          0x00000000        0x0 c:/program files (x86)/gnu tools arm embedded/4.9 2015q1/bin/../lib/gcc/arm-none-eabi/4.9.3/../../../../arm-none-eabi/lib/armv7-m\libg.a(lib_a-strtok_r.o)
 .data          0x00000000        0x0 c:/program files (x86)/gnu tools arm embedded/4.9 2015q1/bin/../lib/gcc/arm-none-eabi/4.9.3/../../../../arm-none-eabi/lib/armv7-m\libg.a(lib_a-strtok_r.o)
 .bss           0x00000000        0x0 c:/program files (x86)/gnu tools arm embedded/4.9 2015q1/bin/../lib/gcc/arm-none-eabi/4.9.3/../../../../arm-none-eabi/lib/armv7-m\libg.a(lib_a-strtok_r.o)
 .text.strtok_r
                0x00000000        0x8 c:/program files (x86)/gnu tools arm embedded/4.9 2015q1/bin/../lib/gcc/arm-none-eabi/4.9.3/../../../../arm-none-eabi/lib/armv7-m\libg.a(lib_a-strtok_r.o)
 .text          0x00000000        0x0 c:/program files (x86)/gnu tools arm embedded/4.9 2015q1/bin/../lib/gcc/arm-none-eabi/4.9.3/../../../../arm-none-eabi/lib/armv7-m\libg.a(lib_a-strtol.o)
 .data          0x00000000        0x0 c:/program files (x86)/gnu tools arm embedded/4.9 2015q1/bin/../lib/gcc/arm-none-eabi/4.9.3/../../../../arm-none-eabi/lib/armv7-m\libg.a(lib_a-strtol.o)
 .bss           0x00000000        0x0 c:/program files (x86)/gnu tools arm embedded/4.9 2015q1/bin/../lib/gcc/arm-none-eabi/4.9.3/../../../../arm-none-eabi/lib/armv7-m\libg.a(lib_a-strtol.o)
 .text          0x00000000        0x0 c:/program files (x86)/gnu tools arm embedded/4.9 2015q1/bin/../lib/gcc/arm-none-eabi/4.9.3/../../../../arm-none-eabi/lib/armv7-m\libg.a(lib_a-ctype_.o)
 .data          0x00000000        0x0 c:/program files (x86)/gnu tools arm embedded/4.9 2015q1/bin/../lib/gcc/arm-none-eabi/4.9.3/../../../../arm-none-eabi/lib/armv7-m\libg.a(lib_a-ctype_.o)
 .bss           0x00000000        0x0 c:/program files (x86)/gnu tools arm embedded/4.9 2015q1/bin/../lib/gcc/arm-none-eabi/4.9.3/../../../../arm-none-eabi/lib/armv7-m\libg.a(lib_a-ctype_.o)
 .text          0x00000000        0x0 c:/program files (x86)/gnu tools arm embedded/4.9 2015q1/bin/../lib/gcc/arm-none-eabi/4.9.3/../../../../arm-none-eabi/lib/armv7-m\libg.a(lib_a-memchr.o)
 .data          0x00000000        0x0 c:/program files (x86)/gnu tools arm embedded/4.9 2015q1/bin/../lib/gcc/arm-none-eabi/4.9.3/../../../../arm-none-eabi/lib/armv7-m\libg.a(lib_a-memchr.o)
 .bss           0x00000000        0x0 c:/program files (x86)/gnu tools arm embedded/4.9 2015q1/bin/../lib/gcc/arm-none-eabi/4.9.3/../../../../arm-none-eabi/lib/armv7-m\libg.a(lib_a-memchr.o)
 .text          0x00000000        0x0 c:/program files (x86)/gnu tools arm embedded/4.9 2015q1/bin/../lib/gcc/arm-none-eabi/4.9.3/../../../../arm-none-eabi/lib/armv7-m\libg.a(lib_a-memcmp.o)
 .data          0x00000000        0x0 c:/program files (x86)/gnu tools arm embedded/4.9 2015q1/bin/../lib/gcc/arm-none-eabi/4.9.3/../../../../arm-none-eabi/lib/armv7-m\libg.a(lib_a-memcmp.o)
 .bss           0x00000000        0x0 c:/program files (x86)/gnu tools arm embedded/4.9 2015q1/bin/../lib/gcc/arm-none-eabi/4.9.3/../../../../arm-none-eabi/lib/armv7-m\libg.a(lib_a-memcmp.o)

Memory Configuration

Name             Origin             Length             Attributes
rom              0x08000000         0x00020000         xr
ram              0x20000000         0x00005000         xrw
*default*        0x00000000         0xffffffff

Linker script and memory map

                0x20005000                _eram = 0x20005000

.text           0x08000000     0x3b5c
 *(.isr_vector)
 .isr_vector    0x08000000      0x10c ..\obj\startup_stm32f10x_md.o
                0x08000000                g_pfnVectors
 *(.text*)
 .text.Init_USART3_DMA
                0x0800010c       0xfc ..\obj\USART3_Config.o
                0x0800010c                Init_USART3_DMA
 .text.DMA_Initialize
                0x08000208       0x8c ..\obj\USART3_Config.o
                0x08000208                DMA_Initialize
 .text.Init_USART3_GPIO
                0x08000294       0x40 ..\obj\USART3_Config.o
                0x08000294                Init_USART3_GPIO
 .text.SystemInit
                0x080002d4       0x68 ..\obj\system_stm32f10x.o
                0x080002d4                SystemInit
 .text.SetSysClock
                0x0800033c        0xc ..\obj\system_stm32f10x.o
 .text.SetSysClockTo72
                0x08000348      0x100 ..\obj\system_stm32f10x.o
 .text.Default_Reset_Handler
                0x08000448       0x5c ..\obj\startup_stm32f10x_md.o
                0x08000448                Default_Reset_Handler
                0x08000448                Reset_Handler
 .text.Default_Handler
                0x080004a4        0x8 ..\obj\startup_stm32f10x_md.o
                0x080004a4                EXTI2_IRQHandler
                0x080004a4                DebugMon_Handler
                0x080004a4                TIM1_CC_IRQHandler
                0x080004a4                PVD_IRQHandler
                0x080004a4                PendSV_Handler
                0x080004a4                NMI_Handler
                0x080004a4                EXTI3_IRQHandler
                0x080004a4                EXTI0_IRQHandler
                0x080004a4                I2C2_EV_IRQHandler
                0x080004a4                UsageFault_Handler
                0x080004a4                ADC1_2_IRQHandler
                0x080004a4                SPI1_IRQHandler
                0x080004a4                TAMPER_IRQHandler
                0x080004a4                DMA1_Channel4_IRQHandler
                0x080004a4                USART3_IRQHandler
                0x080004a4                RTC_IRQHandler
                0x080004a4                DMA1_Channel7_IRQHandler
                0x080004a4                CAN1_RX1_IRQHandler
                0x080004a4                TIM4_IRQHandler
                0x080004a4                I2C1_EV_IRQHandler
                0x080004a4                DMA1_Channel6_IRQHandler
                0x080004a4                TIM3_IRQHandler
                0x080004a4                RCC_IRQHandler
                0x080004a4                TIM1_TRG_COM_IRQHandler
                0x080004a4                DMA1_Channel1_IRQHandler
                0x080004a4                EXTI15_10_IRQHandler
                0x080004a4                EXTI9_5_IRQHandler
                0x080004a4                SPI2_IRQHandler
                0x080004a4                MemManage_Handler
                0x080004a4                SVC_Handler
                0x080004a4                DMA1_Channel5_IRQHandler
                0x080004a4                EXTI4_IRQHandler
                0x080004a4                USB_LP_CAN1_RX0_IRQHandler
                0x080004a4                USB_HP_CAN1_TX_IRQHandler
                0x080004a4                DMA1_Channel3_IRQHandler
                0x080004a4                TIM1_UP_IRQHandler
                0x080004a4                WWDG_IRQHandler
                0x080004a4                TIM2_IRQHandler
                0x080004a4                TIM1_BRK_IRQHandler
                0x080004a4                EXTI1_IRQHandler
                0x080004a4                RTCAlarm_IRQHandler
                0x080004a4                USART2_IRQHandler
                0x080004a4                I2C2_ER_IRQHandler
                0x080004a4                DMA1_Channel2_IRQHandler
                0x080004a4                CAN1_SCE_IRQHandler
                0x080004a4                FLASH_IRQHandler
                0x080004a4                BusFault_Handler
                0x080004a4                USART1_IRQHandler
                0x080004a4                I2C1_ER_IRQHandler
                0x080004a4                USBWakeUp_IRQHandler
 .text.GPIO_Init
                0x080004ac      0x180 ..\obj\stm32f10x_gpio.o
                0x080004ac                GPIO_Init
 .text.Configure_HSI_Clock
                0x0800062c       0x54 ..\obj\main.o
                0x0800062c                Configure_HSI_Clock
 .text.main     0x08000680      0x138 ..\obj\main.o
                0x08000680                main
 .text.RefreshCustomRESTResponseSwamp
                0x080007b8       0x50 ..\obj\WebServer.o
                0x080007b8                RefreshCustomRESTResponseSwamp
 .text.SendRESTResponse
                0x08000808      0x134 ..\obj\WebServer.o
                0x08000808                SendRESTResponse
 .text.StartServer
                0x0800093c       0x80 ..\obj\WebServer.o
                0x0800093c                StartServer
 .text.Swamp_relay_GPIO_Init
                0x080009bc       0x28 ..\obj\swamp_functions.o
                0x080009bc                Swamp_relay_GPIO_Init
 .text.Swamp_Init
                0x080009e4       0x18 ..\obj\swamp_functions.o
                0x080009e4                Swamp_Init
 .text.Update_State_Variables
                0x080009fc       0x54 ..\obj\swamp_functions.o
                0x080009fc                Update_State_Variables
 .text.PumpControl
                0x08000a50       0x2c ..\obj\swamp_functions.o
                0x08000a50                PumpControl
 .text.FanControl
                0x08000a7c       0x38 ..\obj\swamp_functions.o
                0x08000a7c                FanControl
 .text.PumpON   0x08000ab4       0x24 ..\obj\swamp_functions.o
                0x08000ab4                PumpON
 .text.PumpOFF  0x08000ad8       0x24 ..\obj\swamp_functions.o
                0x08000ad8                PumpOFF
 .text.FanOFF   0x08000afc       0x2c ..\obj\swamp_functions.o
                0x08000afc                FanOFF
 .text.FanLOW   0x08000b28       0x2c ..\obj\swamp_functions.o
                0x08000b28                FanLOW
 .text.FanHIGH  0x08000b54       0x2c ..\obj\swamp_functions.o
                0x08000b54                FanHIGH
 .text.PutChar  0x08000b80       0x20 ..\obj\printf.o
                0x08000b80                PutChar
 .text.PutString
                0x08000ba0       0x3c ..\obj\printf.o
                0x08000ba0                PutString
 .text.PutUnsignedInt
                0x08000bdc       0xa0 ..\obj\printf.o
                0x08000bdc                PutUnsignedInt
 .text.PutSignedInt
                0x08000c7c      0x104 ..\obj\printf.o
                0x08000c7c                PutSignedInt
 .text.PutHexa  0x08000d80       0xd8 ..\obj\printf.o
                0x08000d80                PutHexa
 .text.vsnprintf
                0x08000e58      0x25c ..\obj\printf.o
                0x08000e58                vsnprintf
 .text.snprintf
                0x080010b4       0x30 ..\obj\printf.o
                0x080010b4                snprintf
 .text.vsprintf
                0x080010e4       0x24 ..\obj\printf.o
                0x080010e4                vsprintf
 .text.sprintf  0x08001108       0x2c ..\obj\printf.o
                0x08001108                sprintf
 .text.RCC_HSEConfig
                0x08001134       0x5c ..\obj\stm32f10x_rcc.o
                0x08001134                RCC_HSEConfig
 .text.RCC_HSICmd
                0x08001190       0x20 ..\obj\stm32f10x_rcc.o
                0x08001190                RCC_HSICmd
 .text.RCC_PLLConfig
                0x080011b0       0x3c ..\obj\stm32f10x_rcc.o
                0x080011b0                RCC_PLLConfig
 .text.RCC_PLLCmd
                0x080011ec       0x20 ..\obj\stm32f10x_rcc.o
                0x080011ec                RCC_PLLCmd
 .text.RCC_SYSCLKConfig
                0x0800120c       0x38 ..\obj\stm32f10x_rcc.o
                0x0800120c                RCC_SYSCLKConfig
 .text.RCC_HCLKConfig
                0x08001244       0x38 ..\obj\stm32f10x_rcc.o
                0x08001244                RCC_HCLKConfig
 .text.RCC_PCLK1Config
                0x0800127c       0x38 ..\obj\stm32f10x_rcc.o
                0x0800127c                RCC_PCLK1Config
 .text.RCC_PCLK2Config
                0x080012b4       0x38 ..\obj\stm32f10x_rcc.o
                0x080012b4                RCC_PCLK2Config
 .text.RCC_ADCCLKConfig
                0x080012ec       0x38 ..\obj\stm32f10x_rcc.o
                0x080012ec                RCC_ADCCLKConfig
 .text.RCC_GetClocksFreq
                0x08001324      0x164 ..\obj\stm32f10x_rcc.o
                0x08001324                RCC_GetClocksFreq
 .text.RCC_AHBPeriphClockCmd
                0x08001488       0x3c ..\obj\stm32f10x_rcc.o
                0x08001488                RCC_AHBPeriphClockCmd
 .text.RCC_APB2PeriphClockCmd
                0x080014c4       0x3c ..\obj\stm32f10x_rcc.o
                0x080014c4                RCC_APB2PeriphClockCmd
 .text.RCC_APB1PeriphClockCmd
                0x08001500       0x3c ..\obj\stm32f10x_rcc.o
                0x08001500                RCC_APB1PeriphClockCmd
 .text.RCC_GetFlagStatus
                0x0800153c       0x74 ..\obj\stm32f10x_rcc.o
                0x0800153c                RCC_GetFlagStatus
 .text.USART_Init
                0x080015b0      0x174 ..\obj\stm32f10x_usart.o
                0x080015b0                USART_Init
 .text.USART_Cmd
                0x08001724       0x40 ..\obj\stm32f10x_usart.o
                0x08001724                USART_Cmd
 .text.USART_DMACmd
                0x08001764       0x48 ..\obj\stm32f10x_usart.o
                0x08001764                USART_DMACmd
 .text.USART_SendData
                0x080017ac       0x24 ..\obj\stm32f10x_usart.o
                0x080017ac                USART_SendData
 .text.USART_GetFlagStatus
                0x080017d0       0x38 ..\obj\stm32f10x_usart.o
                0x080017d0                USART_GetFlagStatus
 .text.NVIC_SetPriority
                0x08001808       0x54 ..\obj\time.o
 .text.SysTick_Config
                0x0800185c       0x44 ..\obj\time.o
 .text.Init_Time
                0x080018a0       0x2c ..\obj\time.o
                0x080018a0                Init_Time
 .text.Millis   0x080018cc       0x18 ..\obj\time.o
                0x080018cc                Millis
 .text.SysTick_Handler
                0x080018e4       0x1c ..\obj\time.o
                0x080018e4                SysTick_Handler
 .text          0x08001900       0x28 ..\obj\sh_cmd.o
                0x08001900                SH_DoCommand
                0x08001912                HardFault_Handler
 .text.FLASH_SetLatency
                0x08001928       0x38 ..\obj\stm32f10x_flash.o
                0x08001928                FLASH_SetLatency
 .text.DMA_DeInit
                0x08001960      0x178 ..\obj\stm32f10x_dma.o
                0x08001960                DMA_DeInit
 .text.DMA_Init
                0x08001ad8       0x7c ..\obj\stm32f10x_dma.o
                0x08001ad8                DMA_Init
 .text.DMA_Cmd  0x08001b54       0x38 ..\obj\stm32f10x_dma.o
                0x08001b54                DMA_Cmd
 .text.DMA_ClearFlag
                0x08001b8c       0x34 ..\obj\stm32f10x_dma.o
                0x08001b8c                DMA_ClearFlag
 .text.NVIC_Init
                0x08001bc0       0xc4 ..\obj\misc.o
                0x08001bc0                NVIC_Init
 .text.Wifi_Init
                0x08001c84       0x28 ..\obj\esp8266.o
                0x08001c84                Wifi_Init
 .text.Wifi_OFF
                0x08001cac       0x18 ..\obj\esp8266.o
                0x08001cac                Wifi_OFF
 .text.Wifi_ON  0x08001cc4       0x18 ..\obj\esp8266.o
                0x08001cc4                Wifi_ON
 .text.ClearArray_Size
                0x08001cdc       0x20 ..\obj\esp8266.o
                0x08001cdc                ClearArray_Size
 .text.Wifi_ReadyWaitForAnswer
                0x08001cfc       0x20 ..\obj\esp8266.o
                0x08001cfc                Wifi_ReadyWaitForAnswer
 .text.Wifi_WaitForAnswerCMD
                0x08001d1c       0xc0 ..\obj\esp8266.o
                0x08001d1c                Wifi_WaitForAnswerCMD
 .text.Wifi_WaitForAnswer_SEND_OK
                0x08001ddc       0xe8 ..\obj\esp8266.o
                0x08001ddc                Wifi_WaitForAnswer_SEND_OK
 .text.Wifi_SendCustomCommand_External_Wait
                0x08001ec4       0x74 ..\obj\esp8266.o
                0x08001ec4                Wifi_SendCustomCommand_External_Wait
 .text.Wifi_SendCommand
                0x08001f38       0xb8 ..\obj\esp8266.o
                0x08001f38                Wifi_SendCommand
 .text.ProcessIPD_Data
                0x08001ff0       0xac ..\obj\esp8266.o
                0x08001ff0                ProcessIPD_Data
 .text.IndexOf  0x0800209c       0x50 ..\obj\esp8266.o
                0x0800209c                IndexOf
 .text.IsRequestType
                0x080020ec       0x44 ..\obj\esp8266.o
                0x080020ec                IsRequestType
 .text.Wifi_CheckDMABuff_ForReady
                0x08002130       0x84 ..\obj\esp8266.o
                0x08002130                Wifi_CheckDMABuff_ForReady
 .text.Wifi_CheckDMABuff_ForCIFSRData
                0x080021b4       0xe0 ..\obj\esp8266.o
                0x080021b4                Wifi_CheckDMABuff_ForCIFSRData
 .text.Wifi_CheckDMABuff_ForIPDData
                0x08002294      0x394 ..\obj\esp8266.o
                0x08002294                Wifi_CheckDMABuff_ForIPDData
 .text.atoi     0x08002628        0x8 c:/program files (x86)/gnu tools arm embedded/4.9 2015q1/bin/../lib/gcc/arm-none-eabi/4.9.3/../../../../arm-none-eabi/lib/armv7-m\libg.a(lib_a-atoi.o)
                0x08002628                atoi
 .text.critical_factorization
                0x08002630       0xb8 c:/program files (x86)/gnu tools arm embedded/4.9 2015q1/bin/../lib/gcc/arm-none-eabi/4.9.3/../../../../arm-none-eabi/lib/armv7-m\libg.a(lib_a-memmem.o)
 .text.two_way_long_needle
                0x080026e8      0x1f4 c:/program files (x86)/gnu tools arm embedded/4.9 2015q1/bin/../lib/gcc/arm-none-eabi/4.9.3/../../../../arm-none-eabi/lib/armv7-m\libg.a(lib_a-memmem.o)
 .text.memmem   0x080028dc      0x1bc c:/program files (x86)/gnu tools arm embedded/4.9 2015q1/bin/../lib/gcc/arm-none-eabi/4.9.3/../../../../arm-none-eabi/lib/armv7-m\libg.a(lib_a-memmem.o)
                0x080028dc                memmem
 .text.memset   0x08002a98       0x9c c:/program files (x86)/gnu tools arm embedded/4.9 2015q1/bin/../lib/gcc/arm-none-eabi/4.9.3/../../../../arm-none-eabi/lib/armv7-m\libg.a(lib_a-memset.o)
                0x08002a98                memset
 .text.strchr   0x08002b34       0xcc c:/program files (x86)/gnu tools arm embedded/4.9 2015q1/bin/../lib/gcc/arm-none-eabi/4.9.3/../../../../arm-none-eabi/lib/armv7-m\libg.a(lib_a-strchr.o)
                0x08002b34                strchr
 .text.strcpy   0x08002c00       0xbc c:/program files (x86)/gnu tools arm embedded/4.9 2015q1/bin/../lib/gcc/arm-none-eabi/4.9.3/../../../../arm-none-eabi/lib/armv7-m\libg.a(lib_a-strcpy.o)
                0x08002c00                strcpy
 .text.strlen   0x08002cbc       0x5c c:/program files (x86)/gnu tools arm embedded/4.9 2015q1/bin/../lib/gcc/arm-none-eabi/4.9.3/../../../../arm-none-eabi/lib/armv7-m\libg.a(lib_a-strlen.o)
                0x08002cbc                strlen
 .text.critical_factorization
                0x08002d18       0xb8 c:/program files (x86)/gnu tools arm embedded/4.9 2015q1/bin/../lib/gcc/arm-none-eabi/4.9.3/../../../../arm-none-eabi/lib/armv7-m\libg.a(lib_a-strstr.o)
 .text.two_way_long_needle
                0x08002dd0      0x1f8 c:/program files (x86)/gnu tools arm embedded/4.9 2015q1/bin/../lib/gcc/arm-none-eabi/4.9.3/../../../../arm-none-eabi/lib/armv7-m\libg.a(lib_a-strstr.o)
 .text.strstr   0x08002fc8      0x220 c:/program files (x86)/gnu tools arm embedded/4.9 2015q1/bin/../lib/gcc/arm-none-eabi/4.9.3/../../../../arm-none-eabi/lib/armv7-m\libg.a(lib_a-strstr.o)
                0x08002fc8                strstr
 .text.strtok   0x080031e8       0x10 c:/program files (x86)/gnu tools arm embedded/4.9 2015q1/bin/../lib/gcc/arm-none-eabi/4.9.3/../../../../arm-none-eabi/lib/armv7-m\libg.a(lib_a-strtok.o)
                0x080031e8                strtok
 .text.__strtok_r
                0x080031f8       0x64 c:/program files (x86)/gnu tools arm embedded/4.9 2015q1/bin/../lib/gcc/arm-none-eabi/4.9.3/../../../../arm-none-eabi/lib/armv7-m\libg.a(lib_a-strtok_r.o)
                0x080031f8                __strtok_r
 .text._strtol_r
                0x0800325c      0x11c c:/program files (x86)/gnu tools arm embedded/4.9 2015q1/bin/../lib/gcc/arm-none-eabi/4.9.3/../../../../arm-none-eabi/lib/armv7-m\libg.a(lib_a-strtol.o)
                0x0800325c                _strtol_r
 .text.strtol   0x08003378       0x18 c:/program files (x86)/gnu tools arm embedded/4.9 2015q1/bin/../lib/gcc/arm-none-eabi/4.9.3/../../../../arm-none-eabi/lib/armv7-m\libg.a(lib_a-strtol.o)
                0x08003378                strtol
 .text.memchr   0x08003390       0x94 c:/program files (x86)/gnu tools arm embedded/4.9 2015q1/bin/../lib/gcc/arm-none-eabi/4.9.3/../../../../arm-none-eabi/lib/armv7-m\libg.a(lib_a-memchr.o)
                0x08003390                memchr
 .text.memcmp   0x08003424       0x64 c:/program files (x86)/gnu tools arm embedded/4.9 2015q1/bin/../lib/gcc/arm-none-eabi/4.9.3/../../../../arm-none-eabi/lib/armv7-m\libg.a(lib_a-memcmp.o)
                0x08003424                memcmp
 *(.init)
 *(.fini)
 *crtbegin.o(.ctors)
 *crtbegin?.o(.ctors)
 *(EXCLUDE_FILE(*crtend.o *crtend?.o) .ctors)
 *(SORT(.ctors.*))
 *(.ctors)
 *crtbegin.o(.dtors)
 *crtbegin?.o(.dtors)
 *(EXCLUDE_FILE(*crtend.o *crtend?.o) .dtors)
 *(SORT(.dtors.*))
 *(.dtors)
 *(.rodata*)
 .rodata        0x08003488      0x3c4 ..\obj\WebServer.o
                0x080036e4                DimmingInputPage
 .rodata        0x0800384c        0xc ..\obj\swamp_functions.o
 .rodata        0x08003858      0x200 ..\obj\esp8266.o
 .rodata._ctype_
                0x08003a58      0x104 c:/program files (x86)/gnu tools arm embedded/4.9 2015q1/bin/../lib/gcc/arm-none-eabi/4.9.3/../../../../arm-none-eabi/lib/armv7-m\libg.a(lib_a-ctype_.o)
                0x08003a58                _ctype_
 *(.eh_fram e*)

.glue_7         0x08003b5c        0x0
 .glue_7        0x00000000        0x0 linker stubs

.glue_7t        0x08003b5c        0x0
 .glue_7t       0x00000000        0x0 linker stubs

.vfp11_veneer   0x08003b5c        0x0
 .vfp11_veneer  0x00000000        0x0 linker stubs

.v4_bx          0x08003b5c        0x0
 .v4_bx         0x00000000        0x0 linker stubs

.iplt           0x08003b5c        0x0
 .iplt          0x00000000        0x0 ..\obj\stm32f10x_rtc.o

.rel.dyn        0x08003b5c        0x0
 .rel.iplt      0x00000000        0x0 ..\obj\stm32f10x_rtc.o

.ARM.extab
 *(.ARM.extab* .gnu.linkonce.armextab.*)
                0x08003b5c                __exidx_start = .

.ARM.exidx
 *(.ARM.exidx* .gnu.linkonce.armexidx.*)
                0x08003b5c                __exidx_end = .
                0x08003b5c                __etext = .
                0x08003b5c                _sidata = __etext

.data           0x20000000      0x504 load address 0x08003b5c
                0x20000000                __data_start__ = .
                0x20000000                _sdata = __data_start__
 *(vtable)
 *(.data*)
 .data          0x20000000       0x14 ..\obj\system_stm32f10x.o
                0x20000000                SystemCoreClock
                0x20000004                AHBPrescTable
 .data          0x20000014       0x30 ..\obj\WebServer.o
                0x20000014                HTTP_Method
                0x20000024                RequestHeaders_Array
                0x2000003c                RESTResponse_Headers_Test_OK
                0x20000040                RESTResponse_Body_TEST_JSON
 *fill*         0x20000044        0x4 
 .data          0x20000048      0x430 ..\obj\printf.o
                0x20000048                r
                0x20000470                _impure_ptr
 .data          0x20000478       0x14 ..\obj\stm32f10x_rcc.o
 .data          0x2000048c       0x74 ..\obj\esp8266.o
                0x2000048c                pumpModeToValidate
                0x2000048d                fanModeToValidate
                0x20000490                ATCommandsArray
                0x200004d8                ESP_Responses
 .data.__ctype_ptr__
                0x20000500        0x4 c:/program files (x86)/gnu tools arm embedded/4.9 2015q1/bin/../lib/gcc/arm-none-eabi/4.9.3/../../../../arm-none-eabi/lib/armv7-m\libg.a(lib_a-ctype_.o)
                0x20000500                __ctype_ptr__
                0x20000504                . = ALIGN (0x4)
                0x20000504                PROVIDE (__preinit_array_start, .)
 *(.preinit_array)
                0x20000504                PROVIDE (__preinit_array_end, .)
                0x20000504                . = ALIGN (0x4)
                0x20000504                PROVIDE (__init_array_start, .)
 *(SORT(.init_array.*))
 *(.init_array)
                0x20000504                PROVIDE (__init_array_end, .)
                0x20000504                . = ALIGN (0x4)
                0x20000504                PROVIDE (__fini_array_start, .)
 *(SORT(.fini_array.*))
 *(.fini_array)
                0x20000504                PROVIDE (__fini_array_end, .)
 *(.jcr*)
                0x20000504                . = ALIGN (0x4)
                0x20000504                __data_end__ = .
                0x20000504                _edata = __data_end__

.igot.plt       0x20000504        0x0 load address 0x08004060
 .igot.plt      0x00000000        0x0 ..\obj\stm32f10x_rtc.o

.bss            0x20000504     0x104c load address 0x08004060
                0x20000504                . = ALIGN (0x4)
                0x20000504                __bss_start__ = .
                0x20000504                _sbss = __bss_start__
 *(.bss*)
 .bss           0x20000504       0x10 ..\obj\main.o
                0x20000504                debounceCurrent
                0x20000508                lastDMABuffPoll
                0x2000050c                lastESPResetPoll
                0x20000510                mj
 .bss           0x20000514       0x10 ..\obj\WebServer.o
                0x20000514                wi
                0x20000518                headLength
                0x2000051a                bodyLength
                0x2000051c                bodyLengthLength
                0x2000051e                fullLength
                0x20000520                fullCommandLen
 .bss           0x20000524        0x4 ..\obj\time.o
                0x20000524                millis
 .bss           0x20000528       0x10 ..\obj\esp8266.o
                0x20000528                waitingForReponse
                0x20000529                OKFound
                0x2000052a                ERRORFound
                0x2000052c                TxWaitForResponse_TimeStmp
                0x20000530                incommingDimmingValue
                0x20000534                pointerRange
 *(COMMON)
 COMMON         0x20000538       0x18 ..\obj\USART3_Config.o
                0x20000538                GPIOB_Config_USART3
                0x2000053c                USART3_Config
                0x2000054c                USART3_Interrupt_Config
 COMMON         0x20000550      0x59b ..\obj\main.o
                0x20000550                fanMode_Current
                0x20000551                pumpMode_Current
                0x20000552                fanHigh_Current
                0x20000554                customRESTResponse
                0x200006e4                currentIPD
                0x20000700                USART3_RxBuffer
                0x20000ae8                fanLow_Current
                0x20000ae9                humid_Current
                0x20000aea                temp_Current
 *fill*         0x20000aeb        0x1 
 COMMON         0x20000aec       0xd0 ..\obj\WebServer.o
                0x20000aec                bodyLengthSizeString
                0x20000af0                data
                0x20000bb8                responseBuff
 COMMON         0x20000bbc      0x12c ..\obj\WebServerConfig.o
                0x20000bbc                webResponse
 COMMON         0x20000ce8      0x868 ..\obj\esp8266.o
                0x20000ce8                IPD_Processing_buf
                0x20000cec                queryString1
                0x20000cf0                APMAC
                0x20000cf4                commandToSend
                0x20000d3c                STAIP
                0x20000d40                ESP_Ready_Buffer_Pntr
                0x20000d44                queryValue2
                0x20000d48                STAMAC
                0x20000d4c                queryValue1
                0x20000d50                URI
                0x20000d54                closeConnectionBuffer
                0x20000d64                APIP
                0x20000d68                ConnectNum
                0x20000d6c                ESP_IPD_DataBuffer
                0x20001154                queryString2
                0x20001158                WaitForAnswer_cmd_Buffer
                0x2000115c                WaitForAnswer_ans_Buffer
                0x20001160                dimmingString
                0x20001164                ESP_Ready_Buffer
                0x2000154c                ESP_IPD_Data_Buffer_Pntr
                0x20001550                . = ALIGN (0x4)
                0x20001550                __bss_end__ = .
                0x20001550                _ebss = __bss_end__

.heap           0x20001550        0x0
                0x20001550                __end__ = .
                0x20001550                _end = __end__
                0x20001550                end = __end__
 *(.heap*)
                0x20001550                __HeapLimit = .

.co_stack       0x20001550      0x400 load address 0x080050ac
                0x20001550                . = ALIGN (0x8)
 *(.co_stack .co_stack.*)
 .co_stack      0x20001550      0x400 ..\obj\startup_stm32f10x_md.o
                0x20001550                pulStack
                0x20005000                __StackTop = (ORIGIN (ram) + 0x5000)
                0x20004c00                __StackLimit = (__StackTop - SIZEOF (.co_stack))
                0x20005000                PROVIDE (__stack, __StackTop)
                0x00000001                ASSERT ((__StackLimit >= __HeapLimit), region ram  overflowed with stack)
LOAD ..\obj\stm32f10x_rtc.o
LOAD ..\obj\semihosting.o
LOAD ..\obj\stm32f10x_tim.o
LOAD ..\obj\USART3_Config.o
LOAD ..\obj\system_stm32f10x.o
LOAD ..\obj\startup_stm32f10x_md.o
LOAD ..\obj\stm32f10x_pwr.o
LOAD ..\obj\stm32f10x_gpio.o
LOAD ..\obj\main.o
LOAD ..\obj\WebServer.o
LOAD ..\obj\stm32f10x_crc.o
LOAD ..\obj\swamp_functions.o
LOAD ..\obj\printf.o
LOAD ..\obj\stm32f10x_rcc.o
LOAD ..\obj\stm32f10x_exti.o
LOAD ..\obj\stm32f10x_adc.o
LOAD ..\obj\stm32f10x_usart.o
LOAD ..\obj\time.o
LOAD ..\obj\sh_cmd.o
LOAD ..\obj\json.o
LOAD ..\obj\stm32f10x_flash.o
LOAD ..\obj\stm32f10x_sdio.o
LOAD ..\obj\stm32f10x_dma.o
LOAD ..\obj\dht22.o
LOAD ..\obj\misc.o
LOAD ..\obj\WebServerConfig.o
LOAD ..\obj\esp8266.o
START GROUP
LOAD c:/program files (x86)/gnu tools arm embedded/4.9 2015q1/bin/../lib/gcc/arm-none-eabi/4.9.3/armv7-m\libgcc.a
LOAD c:/program files (x86)/gnu tools arm embedded/4.9 2015q1/bin/../lib/gcc/arm-none-eabi/4.9.3/../../../../arm-none-eabi/lib/armv7-m\libg.a
LOAD c:/program files (x86)/gnu tools arm embedded/4.9 2015q1/bin/../lib/gcc/arm-none-eabi/4.9.3/../../../../arm-none-eabi/lib/armv7-m\libc.a
END GROUP
OUTPUT(SwampCooler Relay Controller.elf elf32-littlearm)

.debug_info     0x00000000     0x6a53
 .debug_info    0x00000000      0x70e ..\obj\USART3_Config.o
 .debug_info    0x0000070e      0x479 ..\obj\system_stm32f10x.o
 .debug_info    0x00000b87       0xe9 ..\obj\startup_stm32f10x_md.o
 .debug_info    0x00000c70      0x6e7 ..\obj\stm32f10x_gpio.o
 .debug_info    0x00001357      0x5a6 ..\obj\main.o
 .debug_info    0x000018fd      0x546 ..\obj\WebServer.o
 .debug_info    0x00001e43      0x3eb ..\obj\swamp_functions.o
 .debug_info    0x0000222e      0xe38 ..\obj\printf.o
 .debug_info    0x00003066      0x88d ..\obj\stm32f10x_rcc.o
 .debug_info    0x000038f3      0x9e8 ..\obj\stm32f10x_usart.o
 .debug_info    0x000042db      0x600 ..\obj\time.o
 .debug_info    0x000048db      0x110 ..\obj\sh_cmd.o
 .debug_info    0x000049eb      0x7b1 ..\obj\stm32f10x_flash.o
 .debug_info    0x0000519c      0x473 ..\obj\stm32f10x_dma.o
 .debug_info    0x0000560f      0x53d ..\obj\misc.o
 .debug_info    0x00005b4c       0x76 ..\obj\WebServerConfig.o
 .debug_info    0x00005bc2      0xe91 ..\obj\esp8266.o

.debug_abbrev   0x00000000     0x180a
 .debug_abbrev  0x00000000      0x13b ..\obj\USART3_Config.o
 .debug_abbrev  0x0000013b      0x14c ..\obj\system_stm32f10x.o
 .debug_abbrev  0x00000287       0xa7 ..\obj\startup_stm32f10x_md.o
 .debug_abbrev  0x0000032e      0x1c8 ..\obj\stm32f10x_gpio.o
 .debug_abbrev  0x000004f6      0x184 ..\obj\main.o
 .debug_abbrev  0x0000067a      0x156 ..\obj\WebServer.o
 .debug_abbrev  0x000007d0      0x188 ..\obj\swamp_functions.o
 .debug_abbrev  0x00000958      0x27e ..\obj\printf.o
 .debug_abbrev  0x00000bd6      0x1ba ..\obj\stm32f10x_rcc.o
 .debug_abbrev  0x00000d90      0x162 ..\obj\stm32f10x_usart.o
 .debug_abbrev  0x00000ef2      0x1b1 ..\obj\time.o
 .debug_abbrev  0x000010a3       0x14 ..\obj\sh_cmd.o
 .debug_abbrev  0x000010b7      0x18b ..\obj\stm32f10x_flash.o
 .debug_abbrev  0x00001242      0x155 ..\obj\stm32f10x_dma.o
 .debug_abbrev  0x00001397      0x145 ..\obj\misc.o
 .debug_abbrev  0x000014dc       0x55 ..\obj\WebServerConfig.o
 .debug_abbrev  0x00001531      0x2d9 ..\obj\esp8266.o

.debug_aranges  0x00000000      0x7d8
 .debug_aranges
                0x00000000       0x48 ..\obj\USART3_Config.o
 .debug_aranges
                0x00000048       0x38 ..\obj\system_stm32f10x.o
 .debug_aranges
                0x00000080       0x28 ..\obj\startup_stm32f10x_md.o
 .debug_aranges
                0x000000a8       0xa8 ..\obj\stm32f10x_gpio.o
 .debug_aranges
                0x00000150       0x38 ..\obj\main.o
 .debug_aranges
                0x00000188       0x48 ..\obj\WebServer.o
 .debug_aranges
                0x000001d0       0x70 ..\obj\swamp_functions.o
 .debug_aranges
                0x00000240       0xa0 ..\obj\printf.o
 .debug_aranges
                0x000002e0      0x118 ..\obj\stm32f10x_rcc.o
 .debug_aranges
                0x000003f8      0x100 ..\obj\stm32f10x_usart.o
 .debug_aranges
                0x000004f8       0x40 ..\obj\time.o
 .debug_aranges
                0x00000538       0x20 ..\obj\sh_cmd.o
 .debug_aranges
                0x00000558       0xf8 ..\obj\stm32f10x_flash.o
 .debug_aranges
                0x00000650       0x70 ..\obj\stm32f10x_dma.o
 .debug_aranges
                0x000006c0       0x40 ..\obj\misc.o
 .debug_aranges
                0x00000700       0x18 ..\obj\WebServerConfig.o
 .debug_aranges
                0x00000718       0xc0 ..\obj\esp8266.o

.debug_ranges   0x00000000      0x6b0
 .debug_ranges  0x00000000       0x38 ..\obj\USART3_Config.o
 .debug_ranges  0x00000038       0x28 ..\obj\system_stm32f10x.o
 .debug_ranges  0x00000060       0x18 ..\obj\startup_stm32f10x_md.o
 .debug_ranges  0x00000078       0x98 ..\obj\stm32f10x_gpio.o
 .debug_ranges  0x00000110       0x28 ..\obj\main.o
 .debug_ranges  0x00000138       0x38 ..\obj\WebServer.o
 .debug_ranges  0x00000170       0x60 ..\obj\swamp_functions.o
 .debug_ranges  0x000001d0       0x90 ..\obj\printf.o
 .debug_ranges  0x00000260      0x108 ..\obj\stm32f10x_rcc.o
 .debug_ranges  0x00000368       0xf0 ..\obj\stm32f10x_usart.o
 .debug_ranges  0x00000458       0x30 ..\obj\time.o
 .debug_ranges  0x00000488       0xe8 ..\obj\stm32f10x_flash.o
 .debug_ranges  0x00000570       0x60 ..\obj\stm32f10x_dma.o
 .debug_ranges  0x000005d0       0x30 ..\obj\misc.o
 .debug_ranges  0x00000600       0xb0 ..\obj\esp8266.o

.debug_line     0x00000000     0x3e6b
 .debug_line    0x00000000      0x40e ..\obj\USART3_Config.o
 .debug_line    0x0000040e      0x279 ..\obj\system_stm32f10x.o
 .debug_line    0x00000687       0xd3 ..\obj\startup_stm32f10x_md.o
 .debug_line    0x0000075a      0x49f ..\obj\stm32f10x_gpio.o
 .debug_line    0x00000bf9      0x4b1 ..\obj\main.o
 .debug_line    0x000010aa      0x325 ..\obj\WebServer.o
 .debug_line    0x000013cf      0x43a ..\obj\swamp_functions.o
 .debug_line    0x00001809      0x3a6 ..\obj\printf.o
 .debug_line    0x00001baf      0x5ac ..\obj\stm32f10x_rcc.o
 .debug_line    0x0000215b      0x582 ..\obj\stm32f10x_usart.o
 .debug_line    0x000026dd      0x25a ..\obj\time.o
 .debug_line    0x00002937       0xb0 ..\obj\sh_cmd.o
 .debug_line    0x000029e7      0x5ba ..\obj\stm32f10x_flash.o
 .debug_line    0x00002fa1      0x3ec ..\obj\stm32f10x_dma.o
 .debug_line    0x0000338d      0x32d ..\obj\misc.o
 .debug_line    0x000036ba       0x8f ..\obj\WebServerConfig.o
 .debug_line    0x00003749      0x722 ..\obj\esp8266.o

.debug_str      0x00000000     0x312b
 .debug_str     0x00000000      0x897 ..\obj\USART3_Config.o
                                0x8f7 (size before relaxing)
 .debug_str     0x00000897      0x1a3 ..\obj\system_stm32f10x.o
                                0x328 (size before relaxing)
 .debug_str     0x00000a3a       0xe1 ..\obj\startup_stm32f10x_md.o
                                0x178 (size before relaxing)
 .debug_str     0x00000b1b      0x2b6 ..\obj\stm32f10x_gpio.o
                                0x568 (size before relaxing)
 .debug_str     0x00000dd1      0x4b0 ..\obj\main.o
                                0x76c (size before relaxing)
 .debug_str     0x00001281      0x29a ..\obj\WebServer.o
                                0x6e5 (size before relaxing)
 .debug_str     0x0000151b      0x13d ..\obj\swamp_functions.o
                                0x4bb (size before relaxing)
 .debug_str     0x00001658      0x4f6 ..\obj\printf.o
                                0x6d2 (size before relaxing)
 .debug_str     0x00001b4e      0x429 ..\obj\stm32f10x_rcc.o
                                0x669 (size before relaxing)
 .debug_str     0x00001f77      0x3f0 ..\obj\stm32f10x_usart.o
                                0x6df (size before relaxing)
 .debug_str     0x00002367      0x121 ..\obj\time.o
                                0x5e5 (size before relaxing)
 .debug_str     0x00002488      0x44e ..\obj\stm32f10x_flash.o
                                0x637 (size before relaxing)
 .debug_str     0x000028d6      0x186 ..\obj\stm32f10x_dma.o
                                0x406 (size before relaxing)
 .debug_str     0x00002a5c      0x152 ..\obj\misc.o
                                0x40d (size before relaxing)
 .debug_str     0x00002bae       0x6f ..\obj\WebServerConfig.o
                                0x117 (size before relaxing)
 .debug_str     0x00002c1d      0x50e ..\obj\esp8266.o
                                0xc96 (size before relaxing)

.comment        0x00000000       0x70
 .comment       0x00000000       0x70 ..\obj\USART3_Config.o
                                 0x71 (size before relaxing)
 .comment       0x00000000       0x71 ..\obj\system_stm32f10x.o
 .comment       0x00000000       0x71 ..\obj\startup_stm32f10x_md.o
 .comment       0x00000000       0x71 ..\obj\stm32f10x_gpio.o
 .comment       0x00000000       0x71 ..\obj\main.o
 .comment       0x00000000       0x71 ..\obj\WebServer.o
 .comment       0x00000000       0x71 ..\obj\swamp_functions.o
 .comment       0x00000000       0x71 ..\obj\printf.o
 .comment       0x00000000       0x71 ..\obj\stm32f10x_rcc.o
 .comment       0x00000000       0x71 ..\obj\stm32f10x_usart.o
 .comment       0x00000000       0x71 ..\obj\time.o
 .comment       0x00000000       0x71 ..\obj\stm32f10x_flash.o
 .comment       0x00000000       0x71 ..\obj\stm32f10x_dma.o
 .comment       0x00000000       0x71 ..\obj\misc.o
 .comment       0x00000000       0x71 ..\obj\WebServerConfig.o
 .comment       0x00000000       0x71 ..\obj\esp8266.o

.ARM.attributes
                0x00000000       0x31
 .ARM.attributes
                0x00000000       0x33 ..\obj\USART3_Config.o
 .ARM.attributes
                0x00000033       0x33 ..\obj\system_stm32f10x.o
 .ARM.attributes
                0x00000066       0x33 ..\obj\startup_stm32f10x_md.o
 .ARM.attributes
                0x00000099       0x33 ..\obj\stm32f10x_gpio.o
 .ARM.attributes
                0x000000cc       0x33 ..\obj\main.o
 .ARM.attributes
                0x000000ff       0x33 ..\obj\WebServer.o
 .ARM.attributes
                0x00000132       0x33 ..\obj\swamp_functions.o
 .ARM.attributes
                0x00000165       0x33 ..\obj\printf.o
 .ARM.attributes
                0x00000198       0x33 ..\obj\stm32f10x_rcc.o
 .ARM.attributes
                0x000001cb       0x33 ..\obj\stm32f10x_usart.o
 .ARM.attributes
                0x000001fe       0x33 ..\obj\time.o
 .ARM.attributes
                0x00000231       0x21 ..\obj\sh_cmd.o
 .ARM.attributes
                0x00000252       0x33 ..\obj\stm32f10x_flash.o
 .ARM.attributes
                0x00000285       0x33 ..\obj\stm32f10x_dma.o
 .ARM.attributes
                0x000002b8       0x33 ..\obj\misc.o
 .ARM.attributes
                0x000002eb       0x33 ..\obj\WebServerConfig.o
 .ARM.attributes
                0x0000031e       0x33 ..\obj\esp8266.o
 .ARM.attributes
                0x00000351       0x2d c:/program files (x86)/gnu tools arm embedded/4.9 2015q1/bin/../lib/gcc/arm-none-eabi/4.9.3/../../../../arm-none-eabi/lib/armv7-m\libg.a(lib_a-atoi.o)
 .ARM.attributes
                0x0000037e       0x2d c:/program files (x86)/gnu tools arm embedded/4.9 2015q1/bin/../lib/gcc/arm-none-eabi/4.9.3/../../../../arm-none-eabi/lib/armv7-m\libg.a(lib_a-memmem.o)
 .ARM.attributes
                0x000003ab       0x2d c:/program files (x86)/gnu tools arm embedded/4.9 2015q1/bin/../lib/gcc/arm-none-eabi/4.9.3/../../../../arm-none-eabi/lib/armv7-m\libg.a(lib_a-memset.o)
 .ARM.attributes
                0x000003d8       0x2d c:/program files (x86)/gnu tools arm embedded/4.9 2015q1/bin/../lib/gcc/arm-none-eabi/4.9.3/../../../../arm-none-eabi/lib/armv7-m\libg.a(lib_a-strchr.o)
 .ARM.attributes
                0x00000405       0x2d c:/program files (x86)/gnu tools arm embedded/4.9 2015q1/bin/../lib/gcc/arm-none-eabi/4.9.3/../../../../arm-none-eabi/lib/armv7-m\libg.a(lib_a-strcpy.o)
 .ARM.attributes
                0x00000432       0x2d c:/program files (x86)/gnu tools arm embedded/4.9 2015q1/bin/../lib/gcc/arm-none-eabi/4.9.3/../../../../arm-none-eabi/lib/armv7-m\libg.a(lib_a-strlen.o)
 .ARM.attributes
                0x0000045f       0x2d c:/program files (x86)/gnu tools arm embedded/4.9 2015q1/bin/../lib/gcc/arm-none-eabi/4.9.3/../../../../arm-none-eabi/lib/armv7-m\libg.a(lib_a-strstr.o)
 .ARM.attributes
                0x0000048c       0x2d c:/program files (x86)/gnu tools arm embedded/4.9 2015q1/bin/../lib/gcc/arm-none-eabi/4.9.3/../../../../arm-none-eabi/lib/armv7-m\libg.a(lib_a-strtok.o)
 .ARM.attributes
                0x000004b9       0x2d c:/program files (x86)/gnu tools arm embedded/4.9 2015q1/bin/../lib/gcc/arm-none-eabi/4.9.3/../../../../arm-none-eabi/lib/armv7-m\libg.a(lib_a-strtok_r.o)
 .ARM.attributes
                0x000004e6       0x2d c:/program files (x86)/gnu tools arm embedded/4.9 2015q1/bin/../lib/gcc/arm-none-eabi/4.9.3/../../../../arm-none-eabi/lib/armv7-m\libg.a(lib_a-strtol.o)
 .ARM.attributes
                0x00000513       0x2d c:/program files (x86)/gnu tools arm embedded/4.9 2015q1/bin/../lib/gcc/arm-none-eabi/4.9.3/../../../../arm-none-eabi/lib/armv7-m\libg.a(lib_a-ctype_.o)
 .ARM.attributes
                0x00000540       0x2d c:/program files (x86)/gnu tools arm embedded/4.9 2015q1/bin/../lib/gcc/arm-none-eabi/4.9.3/../../../../arm-none-eabi/lib/armv7-m\libg.a(lib_a-memchr.o)
 .ARM.attributes
                0x0000056d       0x2d c:/program files (x86)/gnu tools arm embedded/4.9 2015q1/bin/../lib/gcc/arm-none-eabi/4.9.3/../../../../arm-none-eabi/lib/armv7-m\libg.a(lib_a-memcmp.o)

.debug_frame    0x00000000     0x2210
 .debug_frame   0x00000000       0xd0 ..\obj\USART3_Config.o
 .debug_frame   0x000000d0       0x98 ..\obj\system_stm32f10x.o
 .debug_frame   0x00000168       0x4c ..\obj\startup_stm32f10x_md.o
 .debug_frame   0x000001b4      0x2d0 ..\obj\stm32f10x_gpio.o
 .debug_frame   0x00000484       0x98 ..\obj\main.o
 .debug_frame   0x0000051c       0xf0 ..\obj\WebServer.o
 .debug_frame   0x0000060c      0x178 ..\obj\swamp_functions.o
 .debug_frame   0x00000784      0x2e0 ..\obj\printf.o
 .debug_frame   0x00000a64      0x4f4 ..\obj\stm32f10x_rcc.o
 .debug_frame   0x00000f58      0x490 ..\obj\stm32f10x_usart.o
 .debug_frame   0x000013e8       0xc0 ..\obj\time.o
 .debug_frame   0x000014a8      0x410 ..\obj\stm32f10x_flash.o
 .debug_frame   0x000018b8      0x1c8 ..\obj\stm32f10x_dma.o
 .debug_frame   0x00001a80       0xd8 ..\obj\misc.o
 .debug_frame   0x00001b58      0x314 ..\obj\esp8266.o
 .debug_frame   0x00001e6c       0x30 c:/program files (x86)/gnu tools arm embedded/4.9 2015q1/bin/../lib/gcc/arm-none-eabi/4.9.3/../../../../arm-none-eabi/lib/armv7-m\libg.a(lib_a-atoi.o)
 .debug_frame   0x00001e9c       0xac c:/program files (x86)/gnu tools arm embedded/4.9 2015q1/bin/../lib/gcc/arm-none-eabi/4.9.3/../../../../arm-none-eabi/lib/armv7-m\libg.a(lib_a-memmem.o)
 .debug_frame   0x00001f48       0x34 c:/program files (x86)/gnu tools arm embedded/4.9 2015q1/bin/../lib/gcc/arm-none-eabi/4.9.3/../../../../arm-none-eabi/lib/armv7-m\libg.a(lib_a-memset.o)
 .debug_frame   0x00001f7c       0x4c c:/program files (x86)/gnu tools arm embedded/4.9 2015q1/bin/../lib/gcc/arm-none-eabi/4.9.3/../../../../arm-none-eabi/lib/armv7-m\libg.a(lib_a-strchr.o)
 .debug_frame   0x00001fc8       0x20 c:/program files (x86)/gnu tools arm embedded/4.9 2015q1/bin/../lib/gcc/arm-none-eabi/4.9.3/../../../../arm-none-eabi/lib/armv7-m\libg.a(lib_a-strcpy.o)
 .debug_frame   0x00001fe8       0x20 c:/program files (x86)/gnu tools arm embedded/4.9 2015q1/bin/../lib/gcc/arm-none-eabi/4.9.3/../../../../arm-none-eabi/lib/armv7-m\libg.a(lib_a-strlen.o)
 .debug_frame   0x00002008       0xd8 c:/program files (x86)/gnu tools arm embedded/4.9 2015q1/bin/../lib/gcc/arm-none-eabi/4.9.3/../../../../arm-none-eabi/lib/armv7-m\libg.a(lib_a-strstr.o)
 .debug_frame   0x000020e0       0x20 c:/program files (x86)/gnu tools arm embedded/4.9 2015q1/bin/../lib/gcc/arm-none-eabi/4.9.3/../../../../arm-none-eabi/lib/armv7-m\libg.a(lib_a-strtok.o)
 .debug_frame   0x00002100       0x48 c:/program files (x86)/gnu tools arm embedded/4.9 2015q1/bin/../lib/gcc/arm-none-eabi/4.9.3/../../../../arm-none-eabi/lib/armv7-m\libg.a(lib_a-strtok_r.o)
 .debug_frame   0x00002148       0x54 c:/program files (x86)/gnu tools arm embedded/4.9 2015q1/bin/../lib/gcc/arm-none-eabi/4.9.3/../../../../arm-none-eabi/lib/armv7-m\libg.a(lib_a-strtol.o)
 .debug_frame   0x0000219c       0x3c c:/program files (x86)/gnu tools arm embedded/4.9 2015q1/bin/../lib/gcc/arm-none-eabi/4.9.3/../../../../arm-none-eabi/lib/armv7-m\libg.a(lib_a-memchr.o)
 .debug_frame   0x000021d8       0x38 c:/program files (x86)/gnu tools arm embedded/4.9 2015q1/bin/../lib/gcc/arm-none-eabi/4.9.3/../../../../arm-none-eabi/lib/armv7-m\libg.a(lib_a-memcmp.o)
